#
# A fatal error has been detected by the Java Runtime Environment:
#
#  EXCEPTION_ACCESS_VIOLATION (0xc0000005) at pc=0x000001fb6edf1053, pid=34268, tid=19320
#
# JRE version: OpenJDK Runtime Environment Temurin-21.0.8+9 (21.0.8+9) (build 21.0.8+9-LTS)
# Java VM: OpenJDK 64-Bit Server VM Temurin-21.0.8+9 (21.0.8+9-LTS, mixed mode, emulated-client, sharing, tiered, compressed oops, compressed class ptrs, g1 gc, windows-amd64)
# Problematic frame:
# v  ~BufferBlob::MethodHandles adapters 0x000001fb6edf1053
#
# No core dump will be written. Minidumps are not enabled by default on client versions of Windows
#
# If you would like to submit a bug report, please visit:
#   https://github.com/adoptium/adoptium-support/issues
#

---------------  S U M M A R Y ------------

Command Line: -XX:+ShowCodeDetailsInExceptionMessages -agentlib:jdwp=transport=dt_socket,suspend=y,address=localhost:63834 -Dcom.sun.management.jmxremote -Dcom.sun.management.jmxremote.port=63833 -Dcom.sun.management.jmxremote.authenticate=false -Dcom.sun.management.jmxremote.ssl=false -Djava.rmi.server.hostname=localhost -Dspring.jmx.enabled=true -Dmanagement.endpoints.jmx.exposure.include=* -Dspring.application.admin.enabled=true -Dspring.output.ansi.enabled=always -XX:TieredStopAtLevel=1 -Dspring.boot.project.name=Netpickz_back -javaagent:C:\sts-4.32.0.RELEASE\configuration\org.eclipse.osgi\272\0\.cp\lib\javaagent-shaded.jar -Dfile.encoding=UTF-8 -Dstdout.encoding=UTF-8 -Dstderr.encoding=UTF-8 com.netpickz.NetpickzBackApplication

Host: 13th Gen Intel(R) Core(TM) i5-1340P, 16 cores, 15G,  Windows 11 , 64 bit Build 26100 (10.0.26100.5074)
Time: Tue Sep 16 18:49:18 2025 elapsed time: 384.639515 seconds (0d 0h 6m 24s)

---------------  T H R E A D  ---------------

Current thread (0x000001fb43e950d0):  JavaThread "restartedMain"        [_thread_in_Java, id=19320, stack(0x000000e82b800000,0x000000e82b900000) (1024K)]

Stack: [0x000000e82b800000,0x000000e82b900000],  sp=0x000000e82b8f8038,  free space=992k
Native frames: (J=compiled Java code, j=interpreted, Vv=VM code, C=native code)
C  0x000001fb6edf1053

The last pc belongs to _linkToSpecial (printed below).

siginfo: EXCEPTION_ACCESS_VIOLATION (0xc0000005), reading address 0xffffffffffffffff


Registers:
RAX=0x000001fb6edc9086, RBX=0xe1082c5d00000000, RCX=0x000000e82b8f8040, RDX=0x0000000000000002
RSP=0x000000e82b8f8038, RBP=0x000000e82b8f8088, RSI=0x000001fb41eccc18, RDI=0x000001fb41211b70
R8 =0x0000000000000004, R9 =0x0000000000000004, R10=0x00007ffb7f595340, R11=0x000001fb000b5da0
R12=0x0000000000000000, R13=0x000000e82b8f8038, R14=0x000000e82b8f80a8, R15=0x000001fb43e950d0
RIP=0x000001fb6edf1053, EFLAGS=0x0000000000010246

XMM[0]=0x0000000000000000 0x0000000000000000
XMM[1]=0x0000000000000000 0x0000000000000000
XMM[2]=0x0000000000000000 0x0000000000000000
XMM[3]=0x0000000000000000 0x0000000000000000
XMM[4]=0x0000000000000000 0x0000000000000000
XMM[5]=0x0000000000000000 0x0000000000000000
XMM[6]=0x0000000000000000 0x0000000000000000
XMM[7]=0x0000000000000000 0x0000000000000000
XMM[8]=0x0000000000000000 0x0000000000000000
XMM[9]=0x0000000000000000 0x0000000000000000
XMM[10]=0x0000000000000000 0x0000000000000000
XMM[11]=0x0000000000000000 0x0000000000000000
XMM[12]=0x0000000000000000 0x0000000000000000
XMM[13]=0x0000000000000000 0x0000000000000000
XMM[14]=0x0000000000000000 0x0000000000000000
XMM[15]=0x0000000000000000 0x0000000000000000
  MXCSR=0x00001fa0


Register to memory mapping:

RAX=0x000001fb6edc9086 is at code_begin+3078 in an Interpreter codelet
return entry points  [0x000001fb6edc8480, 0x000001fb6edca298]  7704 bytes
RBX=0xe1082c5d00000000 is an unknown value
RCX=0x000000e82b8f8040 is pointing into the stack for thread: 0x000001fb43e950d0
RDX=0x0000000000000002 is an unknown value
RSP=0x000000e82b8f8038 is pointing into the stack for thread: 0x000001fb43e950d0
RBP=0x000000e82b8f8088 is pointing into the stack for thread: 0x000001fb43e950d0
RSI=0x000001fb41eccc18 points into unknown readable memory: 0x88000d01ab3ebe1d | 1d be 3e ab 01 0d 00 88
RDI=0x000001fb41211b70 points into unknown readable memory: 0x0000001800000070 | 70 00 00 00 18 00 00 00
R8 =0x0000000000000004 is an unknown value
R9 =0x0000000000000004 is an unknown value
R10=0x00007ffb7f595340 jvm.dll
R11={method} {0x000001fb000b5da8} 'newInvokeSpecial' '(Ljava/lang/Object;)Ljava/lang/Object;' in 'java/lang/invoke/DirectMethodHandle$Holder'
R12=0x0 is null
R13=0x000000e82b8f8038 is pointing into the stack for thread: 0x000001fb43e950d0
R14=0x000000e82b8f80a8 is pointing into the stack for thread: 0x000001fb43e950d0
R15=0x000001fb43e950d0 is a thread

Top of Stack: (sp=0x000000e82b8f8038)
0x000000e82b8f8038:   000001fb6edc9086 000000e82b8f8040
0x000000e82b8f8048:   000001fb0072b44f 0000000000000004
0x000000e82b8f8058:   000001fb000b1258 0000000708408918
0x000000e82b8f8068:   00000007051d8d30 000001fb000b5da0
0x000000e82b8f8078:   000000e82b8f8038 000000e82b8f80b0
0x000000e82b8f8088:   000000e82b8fb0f0 000001fb6f208ccb
0x000000e82b8f8098:   0000000709c67a58 0000000709c67b00
0x000000e82b8f80a8:   0000000709c67ab8 0000000709c67818
0x000000e82b8f80b8:   0000001300130013 000000e82b8fb0f0
0x000000e82b8f80c8:   000001fb6f1f3b0c 0000000000000000
0x000000e82b8f80d8:   0000000000000000 0000000000000000
0x000000e82b8f80e8:   000001fb43e95000 000001fb43e950d0
0x000000e82b8f80f8:   0000000000000000 00000101ffffffff
0x000000e82b8f8108:   000001fb00000000 000001fb43e950d0
0x000000e82b8f8118:   000001fb7f4a9330 000001fb7f6b1610
0x000000e82b8f8128:   00000007051ce6f8 0000000708408918
0x000000e82b8f8138:   0000000709c676e0 0000000709c676e0
0x000000e82b8f8148:   0000000709c67818 0000000709c67ae8
0x000000e82b8f8158:   0000000709c67870 0000000708408918
0x000000e82b8f8168:   0000000000000001 000000e82b8fb0f0
0x000000e82b8f8178:   000001fb00000000 0000000000000000
0x000000e82b8f8188:   0000000000000000 0000000709c67ab8
0x000000e82b8f8198:   000001fb6f2062dc 0000000000000000
0x000000e82b8f81a8:   0000000000000000 0000000000000000
0x000000e82b8f81b8:   000001fb00000000 000001fb43e950d0
0x000000e82b8f81c8:   0000000000000000 0000000709c67818
0x000000e82b8f81d8:   0000000000000000 0000000709c676e0
0x000000e82b8f81e8:   0000000709c67ae8 0000000709c67818
0x000000e82b8f81f8:   0000000000000000 0000000000000000
0x000000e82b8f8208:   000001fb6f2081ec 000000e82b8fb0f0
0x000000e82b8f8218:   000001fb6f202a6a 0000000000000000
0x000000e82b8f8228:   000001fb6f10a729 0000000000000000 

Instructions: (pc=0x000001fb6edf1053)
0x000001fb6edf0f53:   00 00 00 74 03 ff 63 38 ff 63 50 e9 9d 16 00 00
0x000001fb6edf0f63:   66 66 66 0f 1f 84 00 00 00 00 00 66 66 66 90 66
0x000001fb6edf0f73:   66 0f 1f 84 00 00 00 00 00 66 66 66 90 48 8b 53
0x000001fb6edf0f83:   08 0f b7 52 2e 48 8b 0c d4 58 5b 50 44 8b 51 08
0x000001fb6edf0f93:   49 bb 00 00 00 00 fb 01 00 00 4d 03 d3 4c 8b 5b
0x000001fb6edf0fa3:   10 4b 8b 9c da d0 01 00 00 48 85 db 0f 84 10 00
0x000001fb6edf0fb3:   00 00 41 80 bf d8 05 00 00 00 74 03 ff 63 38 ff
0x000001fb6edf0fc3:   63 50 e9 36 16 00 00 66 66 66 0f 1f 84 00 00 00
0x000001fb6edf0fd3:   00 00 66 66 66 90 0f 1f 80 00 00 00 00 58 5b 50
0x000001fb6edf0fe3:   8b 5b 24 48 c1 e3 03 48 8b 5b 10 48 85 db 0f 84
0x000001fb6edf0ff3:   10 00 00 00 41 80 bf d8 05 00 00 00 74 03 ff 63
0x000001fb6edf1003:   38 ff 63 50 e9 f4 15 00 00 66 66 66 0f 1f 84 00
0x000001fb6edf1013:   00 00 00 00 66 66 66 90 0f 1f 44 00 00 48 8b 53
0x000001fb6edf1023:   08 0f b7 52 2e 48 8b 0c d4 58 5b 50 48 3b 01 8b
0x000001fb6edf1033:   5b 24 48 c1 e3 03 48 8b 5b 10 48 85 db 0f 84 10
0x000001fb6edf1043:   00 00 00 41 80 bf d8 05 00 00 00 74 03 ff 63 38
0x000001fb6edf1053:   ff 63 50 e9 a5 15 00 00 0f 1f 44 00 00 48 8b 53
0x000001fb6edf1063:   08 0f b7 52 2e 48 8b 0c d4 58 5b 50 44 8b 51 08
0x000001fb6edf1073:   49 bb 00 00 00 00 fb 01 00 00 4d 03 d3 8b 43 18
0x000001fb6edf1083:   48 c1 e0 03 48 8b 40 10 48 8b 5b 10 45 8b 9a ac
0x000001fb6edf1093:   00 00 00 4f 8d 9c da d0 01 00 00 4d 8d 14 da 49
0x000001fb6edf10a3:   8b 1b 48 3b c3 74 15 48 85 db 0f 84 32 00 00 00
0x000001fb6edf10b3:   49 83 c3 10 49 8b 1b 48 3b c3 75 eb 45 8b 5b 08
0x000001fb6edf10c3:   4b 8b 1c 1a 48 85 db 0f 84 10 00 00 00 41 80 bf
0x000001fb6edf10d3:   d8 05 00 00 00 74 03 ff 63 38 ff 63 50 e9 1b 15
0x000001fb6edf10e3:   00 00 e9 16 12 00 00 f4 00 00 00 00 00 00 00 00
0x000001fb6edf10f3:   00 00 00 00 00 00 00 00 00 00 00 00 00 00 00 00
0x000001fb6edf1103:   00 00 00 00 00 00 00 00 00 00 00 00 00 00 00 00
0x000001fb6edf1113:   00 00 00 00 00 00 00 00 00 00 00 00 00 00 00 00
0x000001fb6edf1123:   00 00 00 00 00 00 00 00 00 00 00 00 00 00 00 00
0x000001fb6edf1133:   00 00 00 00 00 00 00 00 00 00 00 00 00 00 00 00
0x000001fb6edf1143:   00 00 00 00 00 00 00 00 00 00 00 00 00 00 00 00 


Stack slot to memory mapping:

stack at sp + 0 slots: 0x000001fb6edc9086 is at code_begin+3078 in an Interpreter codelet
return entry points  [0x000001fb6edc8480, 0x000001fb6edca298]  7704 bytes
stack at sp + 1 slots: 0x000000e82b8f8040 is pointing into the stack for thread: 0x000001fb43e950d0
stack at sp + 2 slots: 0x000001fb0072b44f is pointing into metadata
stack at sp + 3 slots: 0x0000000000000004 is an unknown value
stack at sp + 4 slots: 0x000001fb000b1258 is pointing into metadata
stack at sp + 5 slots: 0x0000000708408918 is an oop: java.lang.Class 
{0x0000000708408918} - klass: 'java/lang/Class'
 - ---- fields (total size 14 words):
 - private volatile transient 'classRedefinedCount' 'I' @12  0 (0x00000000)
 - injected 'klass' 'J' @16  2177578014256 (0x000001fb01c39630)
 - injected 'array_klass' 'J' @24  0 (0x0000000000000000)
 - injected 'oop_size' 'I' @32  14 (0x0000000e)
 - injected 'static_oop_field_count' 'I' @36  0 (0x00000000)
 - private volatile transient 'cachedConstructor' 'Ljava/lang/reflect/Constructor;' @40  null (0x00000000)
 - private transient 'name' 'Ljava/lang/String;' @44  "com.netpickz.api.movie.MovieController"{0x0000000705450fe8} (0xe0a8a1fd)
 - private transient 'module' 'Ljava/lang/Module;' @48  a 'java/lang/Module'{0x0000000708400798} (0xe10800f3)
 - private final 'classLoader' 'Ljava/lang/ClassLoader;' @52  a 'org/springframework/boot/devtools/restart/classloader/RestartClassLoader'{0x000000070841be88} (0xe10837d1)
 - private transient 'classData' 'Ljava/lang/Object;' @56  null (0x00000000)
 - private transient 'packageName' 'Ljava/lang/String;' @60  "com.netpickz.api.movie"{0x0000000705451038} (0xe0a8a207)
 - private final 'componentType' 'Ljava/lang/Class;' @64  null (0x00000000)
 - private volatile transient 'reflectionData' 'Ljava/lang/ref/SoftReference;' @68  a 'java/lang/ref/SoftReference'{0x0000000708409090} (0xe1081212)
 - private volatile transient 'genericInfo' 'Lsun/reflect/generics/repository/ClassRepository;' @72  null (0x00000000)
 - private volatile transient 'enumConstants' '[Ljava/lang/Object;' @76  null (0x00000000)
 - private volatile transient 'enumConstantDirectory' 'Ljava/util/Map;' @80  null (0x00000000)
 - private volatile transient 'annotationData' 'Ljava/lang/Class$AnnotationData;' @84  a 'java/lang/Class$AnnotationData'{0x0000000708409108} (0xe1081221)
 - private volatile transient 'annotationType' 'Lsun/reflect/annotation/AnnotationType;' @88  null (0x00000000)
 - transient 'classValueMap' 'Ljava/lang/ClassValue$ClassValueMap;' @92  null (0x00000000)
 - injected 'protection_domain' 'Ljava/lang/Object;' @96  a 'java/security/ProtectionDomain'{0x0000000708400d60} (0xe10801ac)
 - injected 'signers_name' 'Ljava/lang/Object;' @100  null (0x00000000)
 - injected 'source_file' 'Ljava/lang/Object;' @104  null (0x00000000)
 - injected '<init_lock>' 'Ljava/lang/Object;' @108  null (0x00000000)
 - signature: Lcom/netpickz/api/movie/MovieController;
 - ---- static fields (0):
stack at sp + 6 slots: 0x00000007051d8d30 is an oop: java.lang.Class 
{0x00000007051d8d30} - klass: 'java/lang/Class'
 - ---- fields (total size 14 words):
 - private volatile transient 'classRedefinedCount' 'I' @12  0 (0x00000000)
 - injected 'klass' 'J' @16  2177549143584 (0x000001fb000b0e20)
 - injected 'array_klass' 'J' @24  0 (0x0000000000000000)
 - injected 'oop_size' 'I' @32  14 (0x0000000e)
 - injected 'static_oop_field_count' 'I' @36  0 (0x00000000)
 - private volatile transient 'cachedConstructor' 'Ljava/lang/reflect/Constructor;' @40  null (0x00000000)
 - private transient 'name' 'Ljava/lang/String;' @44  null (0x00000000)
 - private transient 'module' 'Ljava/lang/Module;' @48  a 'java/lang/Module'{0x000000070519e458} (0xe0a33c8b)
 - private final 'classLoader' 'Ljava/lang/ClassLoader;' @52  null (0x00000000)
 - private transient 'classData' 'Ljava/lang/Object;' @56  null (0x00000000)
 - private transient 'packageName' 'Ljava/lang/String;' @60  null (0x00000000)
 - private final 'componentType' 'Ljava/lang/Class;' @64  null (0x00000000)
 - private volatile transient 'reflectionData' 'Ljava/lang/ref/SoftReference;' @68  null (0x00000000)
 - private volatile transient 'genericInfo' 'Lsun/reflect/generics/repository/ClassRepository;' @72  null (0x00000000)
 - private volatile transient 'enumConstants' '[Ljava/lang/Object;' @76  null (0x00000000)
 - private volatile transient 'enumConstantDirectory' 'Ljava/util/Map;' @80  null (0x00000000)
 - private volatile transient 'annotationData' 'Ljava/lang/Class$AnnotationData;' @84  null (0x00000000)
 - private volatile transient 'annotationType' 'Lsun/reflect/annotation/AnnotationType;' @88  null (0x00000000)
 - transient 'classValueMap' 'Ljava/lang/ClassValue$ClassValueMap;' @92  null (0x00000000)
 - injected 'protection_domain' 'Ljava/lang/Object;' @96  null (0x00000000)
 - injected 'signers_name' 'Ljava/lang/Object;' @100  null (0x00000000)
 - injected 'source_file' 'Ljava/lang/Object;' @104  null (0x00000000)
 - injected '<init_lock>' 'Ljava/lang/Object;' @108  null (0x00000000)
 - signature: Ljava/lang/invoke/DirectMethodHandle$Holder;
 - ---- static fields (0):
stack at sp + 7 slots: {method} {0x000001fb000b5da8} 'newInvokeSpecial' '(Ljava/lang/Object;)Ljava/lang/Object;' in 'java/lang/invoke/DirectMethodHandle$Holder'

MethodHandle::interpreter_entry::_linkToSpecial [0x000001fb6edf100c, 0x000001fb6edf105b] (79 bytes)
[MachCode]
  0x000001fb6edf100c: 6666 660f | 1f84 0000 | 0000 0066 | 6666 900f | 1f44 0000 | 488b 5308 | 0fb7 522e | 488b 0cd4 
  0x000001fb6edf102c: 585b 5048 | 3b01 8b5b | 2448 c1e3 | 0348 8b5b | 1048 85db | 0f84 1000 | 0000 4180 | bfd8 0500 
  0x000001fb6edf104c: 0000 7403 | ff63 38ff | 6350 e9a5 | 
[/MachCode]

---------------  P R O C E S S  ---------------

Threads class SMR info:
_java_thread_list=0x000001fb420d0810, length=61, elements={
0x000001fb7a378750, 0x000001fb7a379350, 0x000001fb7a37e830, 0x000001fb7a3805f0,
0x000001fb7a3894e0, 0x000001fb7a38a060, 0x000001fb7a38e160, 0x000001fb7a47efd0,
0x000001fb7a511b40, 0x000001fb7a533d70, 0x000001fb7a536400, 0x000001fb7f3b9520,
0x000001fb7f5a93c0, 0x000001fb7f5c3350, 0x000001fb7f5da4b0, 0x000001fb7f5e42e0,
0x000001fb7f655450, 0x000001fb7f774330, 0x000001fb43e94a40, 0x000001fb43e95760,
0x000001fb442acff0, 0x000001fb442aaf20, 0x000001fb4126c1e0, 0x000001fb442a94e0,
0x000001fb7f49c500, 0x000001fb7f49e5d0, 0x000001fb7f49cb90, 0x000001fb442a7aa0,
0x000001fb7f49f980, 0x000001fb442a7410, 0x000001fb7f4a0d30, 0x000001fb7f49d8b0,
0x000001fb442ad680, 0x000001fb442a6d80, 0x000001fb4126cf00, 0x000001fb7f4a06a0,
0x000001fb7f49d220, 0x000001fb41058c20, 0x000001fb7f4a3490, 0x000001fb7f4a20e0,
0x000001fb7f4a2770, 0x000001fb7f4a3b20, 0x000001fb43e8e140, 0x000001fb43e90210,
0x000001fb43e8e7d0, 0x000001fb43e8f4f0, 0x000001fb43e908a0, 0x000001fb43e90f30,
0x000001fb43e915c0, 0x000001fb43e8ee60, 0x000001fb43e922e0, 0x000001fb43e92970,
0x000001fb43e93000, 0x000001fb43e8fb80, 0x000001fb43e93690, 0x000001fb43e950d0,
0x000001fb43e93d20, 0x000001fb43e943b0, 0x000001fb442a8130, 0x000001fb442a66f0,
0x000001fb4105bbd0
}

Java Threads: ( => current thread )
  0x000001fb7a378750 JavaThread "Reference Handler"          daemon [_thread_blocked, id=34304, stack(0x000000e828c00000,0x000000e828d00000) (1024K)]
  0x000001fb7a379350 JavaThread "Finalizer"                  daemon [_thread_blocked, id=35456, stack(0x000000e828d00000,0x000000e828e00000) (1024K)]
  0x000001fb7a37e830 JavaThread "Signal Dispatcher"          daemon [_thread_blocked, id=12668, stack(0x000000e828e00000,0x000000e828f00000) (1024K)]
  0x000001fb7a3805f0 JavaThread "Attach Listener"            daemon [_thread_blocked, id=32720, stack(0x000000e828f00000,0x000000e829000000) (1024K)]
  0x000001fb7a3894e0 JavaThread "Service Thread"             daemon [_thread_blocked, id=28712, stack(0x000000e829000000,0x000000e829100000) (1024K)]
  0x000001fb7a38a060 JavaThread "Monitor Deflation Thread"   daemon [_thread_blocked, id=35772, stack(0x000000e829100000,0x000000e829200000) (1024K)]
  0x000001fb7a38e160 JavaThread "C1 CompilerThread0"         daemon [_thread_blocked, id=6684, stack(0x000000e829200000,0x000000e829300000) (1024K)]
  0x000001fb7a47efd0 JavaThread "Common-Cleaner"             daemon [_thread_blocked, id=13204, stack(0x000000e829300000,0x000000e829400000) (1024K)]
  0x000001fb7a511b40 JavaThread "JDWP Transport Listener: dt_socket" daemon [_thread_blocked, id=35040, stack(0x000000e829700000,0x000000e829800000) (1024K)]
  0x000001fb7a533d70 JavaThread "JDWP Event Helper Thread"   daemon [_thread_blocked, id=24400, stack(0x000000e829800000,0x000000e829900000) (1024K)]
  0x000001fb7a536400 JavaThread "JDWP Command Reader"        daemon [_thread_in_native, id=35064, stack(0x000000e829900000,0x000000e829a00000) (1024K)]
  0x000001fb7f3b9520 JavaThread "Notification Thread"        daemon [_thread_blocked, id=32192, stack(0x000000e829a00000,0x000000e829b00000) (1024K)]
  0x000001fb7f5a93c0 JavaThread "RMI TCP Accept-0"           daemon [_thread_in_native, id=32940, stack(0x000000e82a200000,0x000000e82a300000) (1024K)]
  0x000001fb7f5c3350 JavaThread "RMI TCP Accept-63833"       daemon [_thread_in_native, id=32292, stack(0x000000e82a300000,0x000000e82a400000) (1024K)]
  0x000001fb7f5da4b0 JavaThread "RMI TCP Accept-0"           daemon [_thread_in_native, id=33360, stack(0x000000e82a400000,0x000000e82a500000) (1024K)]
  0x000001fb7f5e42e0 JavaThread "RMI Scheduler(0)"           daemon [_thread_blocked, id=26860, stack(0x000000e82a600000,0x000000e82a700000) (1024K)]
  0x000001fb7f655450 JavaThread "RMI TCP Connection(idle)"   daemon [_thread_blocked, id=35104, stack(0x000000e82a700000,0x000000e82a800000) (1024K)]
  0x000001fb7f774330 JavaThread "JMX server connection timeout 46" daemon [_thread_blocked, id=33164, stack(0x000000e82a800000,0x000000e82a900000) (1024K)]
  0x000001fb43e94a40 JavaThread "Jndi-Dns-address-change-listener" daemon [_thread_in_native, id=30116, stack(0x000000e82cd00000,0x000000e82ce00000) (1024K)]
  0x000001fb43e95760 JavaThread "Live Reload Server"         daemon [_thread_in_native, id=26616, stack(0x000000e82d000000,0x000000e82d100000) (1024K)]
  0x000001fb442acff0 JavaThread "DestroyJavaVM"                     [_thread_blocked, id=15528, stack(0x000000e828400000,0x000000e828500000) (1024K)]
  0x000001fb442aaf20 JavaThread "RMI TCP Connection(idle)"   daemon [_thread_blocked, id=28100, stack(0x000000e82de00000,0x000000e82df00000) (1024K)]
  0x000001fb4126c1e0 JavaThread "RMI TCP Connection(idle)"   daemon [_thread_blocked, id=34732, stack(0x000000e82e200000,0x000000e82e300000) (1024K)]
  0x000001fb442a94e0 JavaThread "parallel-1"                 daemon [_thread_blocked, id=35640, stack(0x000000e829500000,0x000000e829600000) (1024K)]
  0x000001fb7f49c500 JavaThread "ForkJoinPool.commonPool-worker-2" daemon [_thread_blocked, id=31532, stack(0x000000e82db00000,0x000000e82dc00000) (1024K)]
  0x000001fb7f49e5d0 JavaThread "ForkJoinPool.commonPool-worker-4" daemon [_thread_blocked, id=35572, stack(0x000000e82e100000,0x000000e82e200000) (1024K)]
  0x000001fb7f49cb90 JavaThread "parallel-2"                 daemon [_thread_blocked, id=29672, stack(0x000000e82a500000,0x000000e82a600000) (1024K)]
  0x000001fb442a7aa0 JavaThread "parallel-3"                 daemon [_thread_blocked, id=34992, stack(0x000000e828300000,0x000000e828400000) (1024K)]
  0x000001fb7f49f980 JavaThread "parallel-4"                 daemon [_thread_blocked, id=22956, stack(0x000000e82b000000,0x000000e82b100000) (1024K)]
  0x000001fb442a7410 JavaThread "parallel-5"                 daemon [_thread_blocked, id=21284, stack(0x000000e828200000,0x000000e828300000) (1024K)]
  0x000001fb7f4a0d30 JavaThread "ForkJoinPool.commonPool-worker-6" daemon [_thread_blocked, id=34396, stack(0x000000e828100000,0x000000e828200000) (1024K)]
  0x000001fb7f49d8b0 JavaThread "parallel-6"                 daemon [_thread_blocked, id=32944, stack(0x000000e82b900000,0x000000e82ba00000) (1024K)]
  0x000001fb442ad680 JavaThread "ForkJoinPool.commonPool-worker-7" daemon [_thread_blocked, id=28140, stack(0x000000e829600000,0x000000e829700000) (1024K)]
  0x000001fb442a6d80 JavaThread "parallel-7"                 daemon [_thread_blocked, id=35764, stack(0x000000e82b300000,0x000000e82b400000) (1024K)]
  0x000001fb4126cf00 JavaThread "parallel-8"                 daemon [_thread_blocked, id=12552, stack(0x000000e82be00000,0x000000e82bf00000) (1024K)]
  0x000001fb7f4a06a0 JavaThread "Thread-163"                        [_thread_blocked, id=27116, stack(0x000000e82b400000,0x000000e82b500000) (1024K)]
  0x000001fb7f49d220 JavaThread "parallel-9"                 daemon [_thread_blocked, id=35232, stack(0x000000e82b700000,0x000000e82b800000) (1024K)]
  0x000001fb41058c20 JavaThread "C1 CompilerThread1"         daemon [_thread_blocked, id=4256, stack(0x000000e82bd00000,0x000000e82be00000) (1024K)]
  0x000001fb7f4a3490 JavaThread "reactor-http-nio-1"         daemon [_thread_in_native, id=5356, stack(0x000000e82c000000,0x000000e82c100000) (1024K)]
  0x000001fb7f4a20e0 JavaThread "reactor-http-nio-2"         daemon [_thread_in_native, id=34200, stack(0x000000e82c100000,0x000000e82c200000) (1024K)]
  0x000001fb7f4a2770 JavaThread "reactor-http-nio-3"         daemon [_thread_in_native, id=34324, stack(0x000000e82c200000,0x000000e82c300000) (1024K)]
  0x000001fb7f4a3b20 JavaThread "reactor-http-nio-4"         daemon [_thread_in_native, id=32992, stack(0x000000e82c300000,0x000000e82c400000) (1024K)]
  0x000001fb43e8e140 JavaThread "reactor-http-nio-5"         daemon [_thread_in_native, id=35412, stack(0x000000e82c400000,0x000000e82c500000) (1024K)]
  0x000001fb43e90210 JavaThread "reactor-http-nio-6"         daemon [_thread_in_native, id=33836, stack(0x000000e82c500000,0x000000e82c600000) (1024K)]
  0x000001fb43e8e7d0 JavaThread "reactor-http-nio-7"         daemon [_thread_in_native, id=35716, stack(0x000000e82c600000,0x000000e82c700000) (1024K)]
  0x000001fb43e8f4f0 JavaThread "reactor-http-nio-8"         daemon [_thread_in_native, id=34932, stack(0x000000e82c700000,0x000000e82c800000) (1024K)]
  0x000001fb43e908a0 JavaThread "reactor-http-nio-9"         daemon [_thread_in_native, id=26348, stack(0x000000e82c900000,0x000000e82ca00000) (1024K)]
  0x000001fb43e90f30 JavaThread "reactor-http-nio-10"        daemon [_thread_in_native, id=2416, stack(0x000000e82ca00000,0x000000e82cb00000) (1024K)]
  0x000001fb43e915c0 JavaThread "reactor-http-nio-11"        daemon [_thread_in_native, id=33128, stack(0x000000e82cb00000,0x000000e82cc00000) (1024K)]
  0x000001fb43e8ee60 JavaThread "reactor-http-nio-12"        daemon [_thread_in_native, id=33456, stack(0x000000e82cc00000,0x000000e82cd00000) (1024K)]
  0x000001fb43e922e0 JavaThread "reactor-http-nio-13"        daemon [_thread_in_native, id=32672, stack(0x000000e82ce00000,0x000000e82cf00000) (1024K)]
  0x000001fb43e92970 JavaThread "reactor-http-nio-14"        daemon [_thread_in_native, id=10564, stack(0x000000e82cf00000,0x000000e82d000000) (1024K)]
  0x000001fb43e93000 JavaThread "reactor-http-nio-15"        daemon [_thread_in_native, id=35732, stack(0x000000e82d100000,0x000000e82d200000) (1024K)]
  0x000001fb43e8fb80 JavaThread "reactor-http-nio-16"        daemon [_thread_in_native, id=33668, stack(0x000000e82d200000,0x000000e82d300000) (1024K)]
  0x000001fb43e93690 JavaThread "File Watcher"               daemon [_thread_blocked, id=27016, stack(0x000000e82b500000,0x000000e82b600000) (1024K)]
=>0x000001fb43e950d0 JavaThread "restartedMain"                     [_thread_in_Java, id=19320, stack(0x000000e82b800000,0x000000e82b900000) (1024K)]
  0x000001fb43e93d20 JavaThread "Catalina-utility-1"                [_thread_blocked, id=31316, stack(0x000000e82b600000,0x000000e82b700000) (1024K)]
  0x000001fb43e943b0 JavaThread "Catalina-utility-2"                [_thread_blocked, id=34800, stack(0x000000e82bb00000,0x000000e82bc00000) (1024K)]
  0x000001fb442a8130 JavaThread "container-1"                       [_thread_blocked, id=35488, stack(0x000000e82bc00000,0x000000e82bd00000) (1024K)]
  0x000001fb442a66f0 JavaThread "HikariPool-11:housekeeper"  daemon [_thread_blocked, id=9836, stack(0x000000e82bf00000,0x000000e82c000000) (1024K)]
  0x000001fb4105bbd0 JavaThread "C1 CompilerThread2"         daemon [_thread_blocked, id=26604, stack(0x000000e82c800000,0x000000e82c900000) (1024K)]
Total: 61

Other Threads:
  0x000001fb797ac8d0 VMThread "VM Thread"                           [id=34188, stack(0x000000e828b00000,0x000000e828c00000) (1024K)]
  0x000001fb797990c0 WatcherThread "VM Periodic Task Thread"        [id=26676, stack(0x000000e828a00000,0x000000e828b00000) (1024K)]
  0x000001fb6b4a0770 WorkerThread "GC Thread#0"                     [id=31280, stack(0x000000e828500000,0x000000e828600000) (1024K)]
  0x000001fb7f538190 WorkerThread "GC Thread#1"                     [id=35168, stack(0x000000e829b00000,0x000000e829c00000) (1024K)]
  0x000001fb7f538530 WorkerThread "GC Thread#2"                     [id=27060, stack(0x000000e829c00000,0x000000e829d00000) (1024K)]
  0x000001fb7f5388d0 WorkerThread "GC Thread#3"                     [id=26680, stack(0x000000e829d00000,0x000000e829e00000) (1024K)]
  0x000001fb7f548c80 WorkerThread "GC Thread#4"                     [id=35172, stack(0x000000e829e00000,0x000000e829f00000) (1024K)]
  0x000001fb7f5522b0 WorkerThread "GC Thread#5"                     [id=30908, stack(0x000000e829f00000,0x000000e82a000000) (1024K)]
  0x000001fb7f5529f0 WorkerThread "GC Thread#6"                     [id=11192, stack(0x000000e82a000000,0x000000e82a100000) (1024K)]
  0x000001fb7f551090 WorkerThread "GC Thread#7"                     [id=21492, stack(0x000000e82a100000,0x000000e82a200000) (1024K)]
  0x000001fb7f5517d0 WorkerThread "GC Thread#8"                     [id=31416, stack(0x000000e82a900000,0x000000e82aa00000) (1024K)]
  0x000001fb7f552650 WorkerThread "GC Thread#9"                     [id=31076, stack(0x000000e82aa00000,0x000000e82ab00000) (1024K)]
  0x000001fb7f551430 WorkerThread "GC Thread#10"                    [id=28916, stack(0x000000e82ab00000,0x000000e82ac00000) (1024K)]
  0x000001fb7f551b70 WorkerThread "GC Thread#11"                    [id=28760, stack(0x000000e82ac00000,0x000000e82ad00000) (1024K)]
  0x000001fb7f551f10 WorkerThread "GC Thread#12"                    [id=33068, stack(0x000000e82ad00000,0x000000e82ae00000) (1024K)]
  0x000001fb6b4b33a0 ConcurrentGCThread "G1 Main Marker"            [id=35696, stack(0x000000e828600000,0x000000e828700000) (1024K)]
  0x000001fb6b4b3db0 WorkerThread "G1 Conc#0"                       [id=34416, stack(0x000000e828700000,0x000000e828800000) (1024K)]
  0x000001fb413f9320 WorkerThread "G1 Conc#1"                       [id=28692, stack(0x000000e82b100000,0x000000e82b200000) (1024K)]
  0x000001fb413f8840 WorkerThread "G1 Conc#2"                       [id=32836, stack(0x000000e82b200000,0x000000e82b300000) (1024K)]
  0x000001fb7966c940 ConcurrentGCThread "G1 Refine#0"               [id=24452, stack(0x000000e828800000,0x000000e828900000) (1024K)]
  0x000001fb7966e170 ConcurrentGCThread "G1 Service"                [id=35752, stack(0x000000e828900000,0x000000e828a00000) (1024K)]
Total: 21

Threads with active compile tasks:
Total: 0

VM state: not at safepoint (normal execution)

VM Mutex/Monitor currently owned by a thread: None

Heap address: 0x0000000704e00000, size: 4018 MB, Compressed Oops mode: Zero based, Oop shift amount: 3

CDS archive(s) mapped at: [0x000001fb00000000-0x000001fb00c80000-0x000001fb00c80000), size 13107200, SharedBaseAddress: 0x000001fb00000000, ArchiveRelocationMode: 1.
Compressed class space mapped at: 0x000001fb01000000-0x000001fb41000000, reserved size: 1073741824
Narrow klass base: 0x000001fb00000000, Narrow klass shift: 0, Narrow klass range: 0x100000000

GC Precious Log:
 CardTable entry size: 512
 Card Set container configuration: InlinePtr #cards 4 size 8 Array Of Cards #cards 16 size 48 Howl #buckets 8 coarsen threshold 3686 Howl Bitmap #cards 512 size 80 coarsen threshold 460 Card regions per heap region 1 cards per card region 4096
 CPUs: 16 total, 16 available
 Memory: 16066M
 Large Page Support: Disabled
 NUMA Support: Disabled
 Compressed Oops: Enabled (Zero based)
 Heap Region Size: 2M
 Heap Min Capacity: 8M
 Heap Initial Capacity: 252M
 Heap Max Capacity: 4018M
 Pre-touch: Disabled
 Parallel Workers: 13
 Concurrent Workers: 3
 Concurrent Refinement Workers: 13
 Periodic GC: Disabled

Heap:
 garbage-first heap   total 116736K, used 78821K [0x0000000704e00000, 0x0000000800000000)
  region size 2048K, 22 young (45056K), 3 survivors (6144K)
 Metaspace       used 87704K, committed 88576K, reserved 1179648K
  class space    used 12184K, committed 12608K, reserved 1048576K

Heap Regions: E=young(eden), S=young(survivor), O=old, HS=humongous(starts), HC=humongous(continues), CS=collection set, F=free, TAMS=top-at-mark-start, PB=parsable bottom
|   0|0x0000000704e00000, 0x0000000705000000, 0x0000000705000000|100%| O|  |TAMS 0x0000000704e00000| PB 0x0000000704e00000| Untracked 
|   1|0x0000000705000000, 0x00000007051ffff8, 0x0000000705200000| 99%| O|  |TAMS 0x0000000705000000| PB 0x0000000705000000| Untracked 
|   2|0x0000000705200000, 0x0000000705400000, 0x0000000705400000|100%| O|  |TAMS 0x0000000705200000| PB 0x0000000705200000| Untracked 
|   3|0x0000000705400000, 0x00000007055fff70, 0x0000000705600000| 99%| O|  |TAMS 0x0000000705400000| PB 0x0000000705400000| Untracked 
|   4|0x0000000705600000, 0x00000007057fffb0, 0x0000000705800000| 99%| O|  |TAMS 0x0000000705600000| PB 0x0000000705600000| Untracked 
|   5|0x0000000705800000, 0x0000000705a00000, 0x0000000705a00000|100%| O|  |TAMS 0x0000000705800000| PB 0x0000000705800000| Untracked 
|   6|0x0000000705a00000, 0x0000000705bffff0, 0x0000000705c00000| 99%| O|  |TAMS 0x0000000705a00000| PB 0x0000000705a00000| Untracked 
|   7|0x0000000705c00000, 0x0000000705dfffe0, 0x0000000705e00000| 99%| O|  |TAMS 0x0000000705c00000| PB 0x0000000705c00000| Untracked 
|   8|0x0000000705e00000, 0x0000000705ffffb8, 0x0000000706000000| 99%| O|  |TAMS 0x0000000705e00000| PB 0x0000000705e00000| Untracked 
|   9|0x0000000706000000, 0x0000000706200000, 0x0000000706200000|100%| O|  |TAMS 0x0000000706000000| PB 0x0000000706000000| Untracked 
|  10|0x0000000706200000, 0x00000007063fffe0, 0x0000000706400000| 99%| O|  |TAMS 0x0000000706200000| PB 0x0000000706200000| Untracked 
|  11|0x0000000706400000, 0x0000000706600000, 0x0000000706600000|100%| O|  |TAMS 0x0000000706400000| PB 0x0000000706400000| Untracked 
|  12|0x0000000706600000, 0x00000007067fffe8, 0x0000000706800000| 99%| O|  |TAMS 0x0000000706600000| PB 0x0000000706600000| Untracked 
|  13|0x0000000706800000, 0x00000007069ffff8, 0x0000000706a00000| 99%| O|  |TAMS 0x0000000706800000| PB 0x0000000706800000| Untracked 
|  14|0x0000000706a00000, 0x0000000706bd29a8, 0x0000000706c00000| 91%| O|  |TAMS 0x0000000706a00000| PB 0x0000000706a00000| Untracked 
|  15|0x0000000706c00000, 0x0000000706daa708, 0x0000000706e00000| 83%| O|  |TAMS 0x0000000706c00000| PB 0x0000000706c00000| Untracked 
|  16|0x0000000706e00000, 0x0000000706f95750, 0x0000000707000000| 79%| O|  |TAMS 0x0000000706e00000| PB 0x0000000706e00000| Untracked 
|  17|0x0000000707000000, 0x00000007071307e8, 0x0000000707200000| 59%| O|  |TAMS 0x0000000707000000| PB 0x0000000707000000| Untracked 
|  18|0x0000000707200000, 0x0000000707400000, 0x0000000707400000|100%| O|  |TAMS 0x0000000707200000| PB 0x0000000707200000| Untracked 
|  19|0x0000000707400000, 0x00000007075d75b0, 0x0000000707600000| 92%| O|  |TAMS 0x0000000707400000| PB 0x0000000707400000| Untracked 
|  20|0x0000000707600000, 0x0000000707600000, 0x0000000707800000|  0%| F|  |TAMS 0x0000000707600000| PB 0x0000000707600000| Untracked 
|  21|0x0000000707800000, 0x0000000707800000, 0x0000000707a00000|  0%| F|  |TAMS 0x0000000707800000| PB 0x0000000707800000| Untracked 
|  22|0x0000000707a00000, 0x0000000707a00000, 0x0000000707c00000|  0%| F|  |TAMS 0x0000000707a00000| PB 0x0000000707a00000| Untracked 
|  23|0x0000000707c00000, 0x0000000707c00000, 0x0000000707e00000|  0%| F|  |TAMS 0x0000000707c00000| PB 0x0000000707c00000| Untracked 
|  24|0x0000000707e00000, 0x0000000707e00000, 0x0000000708000000|  0%| F|  |TAMS 0x0000000707e00000| PB 0x0000000707e00000| Untracked 
|  25|0x0000000708000000, 0x00000007080df040, 0x0000000708200000| 43%| S|CS|TAMS 0x0000000708000000| PB 0x0000000708000000| Complete 
|  26|0x0000000708200000, 0x0000000708400000, 0x0000000708400000|100%| S|CS|TAMS 0x0000000708200000| PB 0x0000000708200000| Complete 
|  27|0x0000000708400000, 0x0000000708600000, 0x0000000708600000|100%| S|CS|TAMS 0x0000000708400000| PB 0x0000000708400000| Complete 
|  28|0x0000000708600000, 0x0000000708600000, 0x0000000708800000|  0%| F|  |TAMS 0x0000000708600000| PB 0x0000000708600000| Untracked 
|  29|0x0000000708800000, 0x0000000708800000, 0x0000000708a00000|  0%| F|  |TAMS 0x0000000708800000| PB 0x0000000708800000| Untracked 
|  30|0x0000000708a00000, 0x0000000708a00000, 0x0000000708c00000|  0%| F|  |TAMS 0x0000000708a00000| PB 0x0000000708a00000| Untracked 
|  31|0x0000000708c00000, 0x0000000708c00000, 0x0000000708e00000|  0%| F|  |TAMS 0x0000000708c00000| PB 0x0000000708c00000| Untracked 
|  32|0x0000000708e00000, 0x0000000708e00000, 0x0000000709000000|  0%| F|  |TAMS 0x0000000708e00000| PB 0x0000000708e00000| Untracked 
|  33|0x0000000709000000, 0x0000000709000000, 0x0000000709200000|  0%| F|  |TAMS 0x0000000709000000| PB 0x0000000709000000| Untracked 
|  34|0x0000000709200000, 0x0000000709200000, 0x0000000709400000|  0%| F|  |TAMS 0x0000000709200000| PB 0x0000000709200000| Untracked 
|  35|0x0000000709400000, 0x0000000709400000, 0x0000000709600000|  0%| F|  |TAMS 0x0000000709400000| PB 0x0000000709400000| Untracked 
|  36|0x0000000709600000, 0x0000000709600000, 0x0000000709800000|  0%| F|  |TAMS 0x0000000709600000| PB 0x0000000709600000| Untracked 
|  37|0x0000000709800000, 0x0000000709800000, 0x0000000709a00000|  0%| F|  |TAMS 0x0000000709800000| PB 0x0000000709800000| Untracked 
|  38|0x0000000709a00000, 0x0000000709b17178, 0x0000000709c00000| 54%| E|  |TAMS 0x0000000709a00000| PB 0x0000000709a00000| Complete 
|  39|0x0000000709c00000, 0x0000000709e00000, 0x0000000709e00000|100%| E|CS|TAMS 0x0000000709c00000| PB 0x0000000709c00000| Complete 
|  40|0x0000000709e00000, 0x000000070a000000, 0x000000070a000000|100%| E|CS|TAMS 0x0000000709e00000| PB 0x0000000709e00000| Complete 
|  41|0x000000070a000000, 0x000000070a200000, 0x000000070a200000|100%| E|CS|TAMS 0x000000070a000000| PB 0x000000070a000000| Complete 
|  42|0x000000070a200000, 0x000000070a400000, 0x000000070a400000|100%| E|CS|TAMS 0x000000070a200000| PB 0x000000070a200000| Complete 
|  43|0x000000070a400000, 0x000000070a600000, 0x000000070a600000|100%| E|CS|TAMS 0x000000070a400000| PB 0x000000070a400000| Complete 
|  44|0x000000070a600000, 0x000000070a800000, 0x000000070a800000|100%| E|CS|TAMS 0x000000070a600000| PB 0x000000070a600000| Complete 
|  45|0x000000070a800000, 0x000000070aa00000, 0x000000070aa00000|100%| E|CS|TAMS 0x000000070a800000| PB 0x000000070a800000| Complete 
|  46|0x000000070aa00000, 0x000000070ac00000, 0x000000070ac00000|100%| E|CS|TAMS 0x000000070aa00000| PB 0x000000070aa00000| Complete 
|  47|0x000000070ac00000, 0x000000070ae00000, 0x000000070ae00000|100%| E|CS|TAMS 0x000000070ac00000| PB 0x000000070ac00000| Complete 
|  48|0x000000070ae00000, 0x000000070b000000, 0x000000070b000000|100%| E|CS|TAMS 0x000000070ae00000| PB 0x000000070ae00000| Complete 
|  49|0x000000070b000000, 0x000000070b200000, 0x000000070b200000|100%| E|  |TAMS 0x000000070b000000| PB 0x000000070b000000| Complete 
|  50|0x000000070b200000, 0x000000070b400000, 0x000000070b400000|100%| E|CS|TAMS 0x000000070b200000| PB 0x000000070b200000| Complete 
|  51|0x000000070b400000, 0x000000070b600000, 0x000000070b600000|100%| E|CS|TAMS 0x000000070b400000| PB 0x000000070b400000| Complete 
|  52|0x000000070b600000, 0x000000070b800000, 0x000000070b800000|100%| E|CS|TAMS 0x000000070b600000| PB 0x000000070b600000| Complete 
|  53|0x000000070b800000, 0x000000070ba00000, 0x000000070ba00000|100%| E|CS|TAMS 0x000000070b800000| PB 0x000000070b800000| Complete 
|  54|0x000000070ba00000, 0x000000070bc00000, 0x000000070bc00000|100%| E|CS|TAMS 0x000000070ba00000| PB 0x000000070ba00000| Complete 
|  55|0x000000070bc00000, 0x000000070be00000, 0x000000070be00000|100%| E|CS|TAMS 0x000000070bc00000| PB 0x000000070bc00000| Complete 
|  56|0x000000070be00000, 0x000000070c000000, 0x000000070c000000|100%| E|CS|TAMS 0x000000070be00000| PB 0x000000070be00000| Complete 

Card table byte_map: [0x000001fb72c20000,0x000001fb73400000] _byte_map_base: 0x000001fb6f3f9000

Marking Bits: (CMBitMap*) 0x000001fb6b4a0d80
 Bits: [0x000001fb73400000, 0x000001fb772c8000)

Polling page: 0x000001fb693b0000

Metaspace:

Usage:
  Non-class:     73.75 MB used.
      Class:     11.90 MB used.
       Both:     85.65 MB used.

Virtual space:
  Non-class space:      128.00 MB reserved,      74.19 MB ( 58%) committed,  2 nodes.
      Class space:        1.00 GB reserved,      12.31 MB (  1%) committed,  1 nodes.
             Both:        1.12 GB reserved,      86.50 MB (  8%) committed. 

Chunk freelists:
   Non-Class:  5.45 MB
       Class:  3.72 MB
        Both:  9.17 MB

MaxMetaspaceSize: unlimited
CompressedClassSpaceSize: 1.00 GB
Initial GC threshold: 21.00 MB
Current GC threshold: 142.62 MB
CDS: on
 - commit_granule_bytes: 65536.
 - commit_granule_words: 8192.
 - virtual_space_node_default_size: 8388608.
 - enlarge_chunks_in_place: 1.
 - use_allocation_guard: 0.


Internal statistics:

num_allocs_failed_limit: 6.
num_arena_births: 1518.
num_arena_deaths: 484.
num_vsnodes_births: 3.
num_vsnodes_deaths: 0.
num_space_committed: 1384.
num_space_uncommitted: 0.
num_chunks_returned_to_freelist: 547.
num_chunks_taken_from_freelist: 5030.
num_chunk_merges: 133.
num_chunk_splits: 3393.
num_chunks_enlarged: 2662.
num_inconsistent_stats: 0.

CodeCache: size=49152Kb used=21898Kb max_used=26001Kb free=27254Kb
 bounds [0x000001fb6edc0000, 0x000001fb70730000, 0x000001fb71dc0000]
 total_blobs=11169, nmethods=10413, adapters=675, full_count=0
Compilation: enabled, stopped_count=0, restarted_count=0

Compilation events (20 events):
Event: 374.427 Thread 0x000001fb41058c20 nmethod 14127 0x000001fb706cb090 code [0x000001fb706cb260, 0x000001fb706cb420]
Event: 374.427 Thread 0x000001fb7a38e160 nmethod 14128 0x000001fb706cac90 code [0x000001fb706cae40, 0x000001fb706cafb8]
Event: 374.467 Thread 0x000001fb41058c20 14129       1       com.zaxxer.hikari.util.Credentials::getUsername (5 bytes)
Event: 374.467 Thread 0x000001fb4105bbd0 14130       1       com.zaxxer.hikari.util.Credentials::getPassword (5 bytes)
Event: 374.467 Thread 0x000001fb41058c20 nmethod 14129 0x000001fb706ca990 code [0x000001fb706cab20, 0x000001fb706cabf0]
Event: 374.467 Thread 0x000001fb4105bbd0 nmethod 14130 0x000001fb706ca690 code [0x000001fb706ca820, 0x000001fb706ca8f0]
Event: 374.471 Thread 0x000001fb4105bbd0 14132       1       org.mariadb.jdbc.client.impl.StandardReadableByteBuf::readShort (42 bytes)
Event: 374.471 Thread 0x000001fb7a38e160 14133       1       org.mariadb.jdbc.client.impl.StandardReadableByteBuf::readInt (93 bytes)
Event: 374.471 Thread 0x000001fb4105bbd0 nmethod 14132 0x000001fb706c9f10 code [0x000001fb706ca0a0, 0x000001fb706ca1e0]
Event: 374.471 Thread 0x000001fb7a38e160 nmethod 14133 0x000001fb706c9b10 code [0x000001fb706c9ca0, 0x000001fb706c9e08]
Event: 374.471 Thread 0x000001fb41058550 14134       1       org.mariadb.jdbc.util.Version::getVersion (5 bytes)
Event: 374.471 Thread 0x000001fb41058550 nmethod 14134 0x000001fb706c9810 code [0x000001fb706c99a0, 0x000001fb706c9a70]
Event: 374.606 Thread 0x000001fb41058550 14135       1       java.util.ArrayList$SubList::toArray (79 bytes)
Event: 374.607 Thread 0x000001fb41058550 nmethod 14135 0x000001fb706c9010 code [0x000001fb706c9200, 0x000001fb706c9638]
Event: 374.656 Thread 0x000001fb41058550 14136       1       jdk.internal.util.random.RandomSupport::mixMurmur64 (29 bytes)
Event: 374.656 Thread 0x000001fb41058550 nmethod 14136 0x000001fb706c8d10 code [0x000001fb706c8ea0, 0x000001fb706c8f98]
Event: 384.157 Thread 0x000001fb41058c20 14137   !   1       org.apache.catalina.core.ContainerBase::getRealmInternal (38 bytes)
Event: 384.157 Thread 0x000001fb4105bbd0 14138       1       org.apache.catalina.core.StandardPipeline::getFirst (17 bytes)
Event: 384.157 Thread 0x000001fb4105bbd0 nmethod 14138 0x000001fb706c8a10 code [0x000001fb706c8ba0, 0x000001fb706c8ca8]
Event: 384.157 Thread 0x000001fb41058c20 nmethod 14137 0x000001fb706c8210 code [0x000001fb706c8400, 0x000001fb706c8758]

GC Heap History (20 events):
Event: 229.082 GC heap before
{Heap before GC invocations=35 (full 6):
 garbage-first heap   total 116736K, used 93889K [0x0000000704e00000, 0x0000000800000000)
  region size 2048K, 30 young (61440K), 0 survivors (0K)
 Metaspace       used 84702K, committed 85440K, reserved 1179648K
  class space    used 11845K, committed 12160K, reserved 1048576K
}
Event: 229.084 GC heap after
{Heap after GC invocations=36 (full 6):
 garbage-first heap   total 116736K, used 40107K [0x0000000704e00000, 0x0000000800000000)
  region size 2048K, 3 young (6144K), 3 survivors (6144K)
 Metaspace       used 84702K, committed 85440K, reserved 1179648K
  class space    used 11845K, committed 12160K, reserved 1048576K
}
Event: 229.242 GC heap before
{Heap before GC invocations=36 (full 6):
 garbage-first heap   total 116736K, used 68779K [0x0000000704e00000, 0x0000000800000000)
  region size 2048K, 18 young (36864K), 3 survivors (6144K)
 Metaspace       used 85028K, committed 85824K, reserved 1179648K
  class space    used 11878K, committed 12224K, reserved 1048576K
}
Event: 229.244 GC heap after
{Heap after GC invocations=37 (full 6):
 garbage-first heap   total 116736K, used 42153K [0x0000000704e00000, 0x0000000800000000)
  region size 2048K, 2 young (4096K), 2 survivors (4096K)
 Metaspace       used 85028K, committed 85824K, reserved 1179648K
  class space    used 11878K, committed 12224K, reserved 1048576K
}
Event: 255.377 GC heap before
{Heap before GC invocations=38 (full 6):
 garbage-first heap   total 116736K, used 72873K [0x0000000704e00000, 0x0000000800000000)
  region size 2048K, 18 young (36864K), 2 survivors (4096K)
 Metaspace       used 85328K, committed 86144K, reserved 1179648K
  class space    used 11915K, committed 12288K, reserved 1048576K
}
Event: 255.409 GC heap after
{Heap after GC invocations=39 (full 7):
 garbage-first heap   total 116736K, used 35121K [0x0000000704e00000, 0x0000000800000000)
  region size 2048K, 0 young (0K), 0 survivors (0K)
 Metaspace       used 85325K, committed 86144K, reserved 1179648K
  class space    used 11914K, committed 12288K, reserved 1048576K
}
Event: 255.708 GC heap before
{Heap before GC invocations=39 (full 7):
 garbage-first heap   total 116736K, used 94513K [0x0000000704e00000, 0x0000000800000000)
  region size 2048K, 30 young (61440K), 0 survivors (0K)
 Metaspace       used 85522K, committed 86336K, reserved 1179648K
  class space    used 11938K, committed 12288K, reserved 1048576K
}
Event: 255.710 GC heap after
{Heap after GC invocations=40 (full 7):
 garbage-first heap   total 116736K, used 40815K [0x0000000704e00000, 0x0000000800000000)
  region size 2048K, 3 young (6144K), 3 survivors (6144K)
 Metaspace       used 85522K, committed 86336K, reserved 1179648K
  class space    used 11938K, committed 12288K, reserved 1048576K
}
Event: 255.900 GC heap before
{Heap before GC invocations=40 (full 7):
 garbage-first heap   total 116736K, used 79727K [0x0000000704e00000, 0x0000000800000000)
  region size 2048K, 23 young (47104K), 3 survivors (6144K)
 Metaspace       used 85973K, committed 86784K, reserved 1179648K
  class space    used 11974K, committed 12352K, reserved 1048576K
}
Event: 255.903 GC heap after
{Heap after GC invocations=41 (full 7):
 garbage-first heap   total 116736K, used 43411K [0x0000000704e00000, 0x0000000800000000)
  region size 2048K, 2 young (4096K), 2 survivors (4096K)
 Metaspace       used 85973K, committed 86784K, reserved 1179648K
  class space    used 11974K, committed 12352K, reserved 1048576K
}
Event: 304.461 GC heap before
{Heap before GC invocations=42 (full 7):
 garbage-first heap   total 116736K, used 63891K [0x0000000704e00000, 0x0000000800000000)
  region size 2048K, 13 young (26624K), 2 survivors (4096K)
 Metaspace       used 86056K, committed 86848K, reserved 1179648K
  class space    used 11981K, committed 12352K, reserved 1048576K
}
Event: 304.493 GC heap after
{Heap after GC invocations=43 (full 8):
 garbage-first heap   total 116736K, used 35563K [0x0000000704e00000, 0x0000000800000000)
  region size 2048K, 0 young (0K), 0 survivors (0K)
 Metaspace       used 86054K, committed 86848K, reserved 1179648K
  class space    used 11980K, committed 12352K, reserved 1048576K
}
Event: 304.823 GC heap before
{Heap before GC invocations=43 (full 8):
 garbage-first heap   total 116736K, used 97003K [0x0000000704e00000, 0x0000000800000000)
  region size 2048K, 31 young (63488K), 0 survivors (0K)
 Metaspace       used 86266K, committed 87104K, reserved 1179648K
  class space    used 12006K, committed 12416K, reserved 1048576K
}
Event: 304.826 GC heap after
{Heap after GC invocations=44 (full 8):
 garbage-first heap   total 116736K, used 40963K [0x0000000704e00000, 0x0000000800000000)
  region size 2048K, 3 young (6144K), 3 survivors (6144K)
 Metaspace       used 86266K, committed 87104K, reserved 1179648K
  class space    used 12006K, committed 12416K, reserved 1048576K
}
Event: 364.830 GC heap before
{Heap before GC invocations=44 (full 8):
 garbage-first heap   total 116736K, used 94211K [0x0000000704e00000, 0x0000000800000000)
  region size 2048K, 30 young (61440K), 3 survivors (6144K)
 Metaspace       used 86766K, committed 87616K, reserved 1179648K
  class space    used 12048K, committed 12416K, reserved 1048576K
}
Event: 364.859 GC heap after
{Heap after GC invocations=45 (full 9):
 garbage-first heap   total 116736K, used 35083K [0x0000000704e00000, 0x0000000800000000)
  region size 2048K, 0 young (0K), 0 survivors (0K)
 Metaspace       used 86763K, committed 87616K, reserved 1179648K
  class space    used 12048K, committed 12416K, reserved 1048576K
}
Event: 365.161 GC heap before
{Heap before GC invocations=45 (full 9):
 garbage-first heap   total 116736K, used 98571K [0x0000000704e00000, 0x0000000800000000)
  region size 2048K, 32 young (65536K), 0 survivors (0K)
 Metaspace       used 87006K, committed 87872K, reserved 1179648K
  class space    used 12079K, committed 12480K, reserved 1048576K
}
Event: 365.163 GC heap after
{Heap after GC invocations=46 (full 9):
 garbage-first heap   total 116736K, used 40737K [0x0000000704e00000, 0x0000000800000000)
  region size 2048K, 3 young (6144K), 3 survivors (6144K)
 Metaspace       used 87006K, committed 87872K, reserved 1179648K
  class space    used 12079K, committed 12480K, reserved 1048576K
}
Event: 374.108 GC heap before
{Heap before GC invocations=46 (full 9):
 garbage-first heap   total 116736K, used 98081K [0x0000000704e00000, 0x0000000800000000)
  region size 2048K, 32 young (65536K), 3 survivors (6144K)
 Metaspace       used 87519K, committed 88384K, reserved 1179648K
  class space    used 12155K, committed 12544K, reserved 1048576K
}
Event: 374.111 GC heap after
{Heap after GC invocations=47 (full 9):
 garbage-first heap   total 116736K, used 44005K [0x0000000704e00000, 0x0000000800000000)
  region size 2048K, 3 young (6144K), 3 survivors (6144K)
 Metaspace       used 87519K, committed 88384K, reserved 1179648K
  class space    used 12155K, committed 12544K, reserved 1048576K
}

Dll operation events (12 events):
Event: 0.007 Loaded shared library C:\sts-4.32.0.RELEASE\plugins\org.eclipse.justj.openjdk.hotspot.jre.full.win32.x86_64_21.0.8.v20250724-1412\jre\bin\java.dll
Event: 0.023 Loaded shared library C:\sts-4.32.0.RELEASE\plugins\org.eclipse.justj.openjdk.hotspot.jre.full.win32.x86_64_21.0.8.v20250724-1412\jre\bin\zip.dll
Event: 0.191 Loaded shared library C:\sts-4.32.0.RELEASE\plugins\org.eclipse.justj.openjdk.hotspot.jre.full.win32.x86_64_21.0.8.v20250724-1412\jre\bin\instrument.dll
Event: 0.194 Loaded shared library C:\sts-4.32.0.RELEASE\plugins\org.eclipse.justj.openjdk.hotspot.jre.full.win32.x86_64_21.0.8.v20250724-1412\jre\bin\net.dll
Event: 0.195 Loaded shared library C:\sts-4.32.0.RELEASE\plugins\org.eclipse.justj.openjdk.hotspot.jre.full.win32.x86_64_21.0.8.v20250724-1412\jre\bin\nio.dll
Event: 0.198 Loaded shared library C:\sts-4.32.0.RELEASE\plugins\org.eclipse.justj.openjdk.hotspot.jre.full.win32.x86_64_21.0.8.v20250724-1412\jre\bin\zip.dll
Event: 0.299 Loaded shared library C:\sts-4.32.0.RELEASE\plugins\org.eclipse.justj.openjdk.hotspot.jre.full.win32.x86_64_21.0.8.v20250724-1412\jre\bin\jimage.dll
Event: 0.325 Loaded shared library C:\sts-4.32.0.RELEASE\plugins\org.eclipse.justj.openjdk.hotspot.jre.full.win32.x86_64_21.0.8.v20250724-1412\jre\bin\management.dll
Event: 0.331 Loaded shared library C:\sts-4.32.0.RELEASE\plugins\org.eclipse.justj.openjdk.hotspot.jre.full.win32.x86_64_21.0.8.v20250724-1412\jre\bin\management_ext.dll
Event: 0.466 Loaded shared library C:\sts-4.32.0.RELEASE\plugins\org.eclipse.justj.openjdk.hotspot.jre.full.win32.x86_64_21.0.8.v20250724-1412\jre\bin\extnet.dll
Event: 0.481 Loaded shared library C:\sts-4.32.0.RELEASE\plugins\org.eclipse.justj.openjdk.hotspot.jre.full.win32.x86_64_21.0.8.v20250724-1412\jre\bin\verify.dll
Event: 1.241 Loaded shared library C:\sts-4.32.0.RELEASE\plugins\org.eclipse.justj.openjdk.hotspot.jre.full.win32.x86_64_21.0.8.v20250724-1412\jre\bin\sunmscapi.dll

Deoptimization events (20 events):
Event: 374.267 Thread 0x000001fb43e950d0 DEOPT PACKING pc=0x000001fb6f551b34 sp=0x000000e82b8f3130
Event: 374.267 Thread 0x000001fb43e950d0 DEOPT UNPACKING pc=0x000001fb6ee14e42 sp=0x000000e82b8f2690 mode 1
Event: 374.267 Thread 0x000001fb43e950d0 DEOPT PACKING pc=0x000001fb6fe53ce4 sp=0x000000e82b8f3250
Event: 374.267 Thread 0x000001fb43e950d0 DEOPT UNPACKING pc=0x000001fb6ee14e42 sp=0x000000e82b8f2720 mode 1
Event: 374.267 Thread 0x000001fb43e950d0 DEOPT PACKING pc=0x000001fb6f551b34 sp=0x000000e82b8f3120
Event: 374.267 Thread 0x000001fb43e950d0 DEOPT UNPACKING pc=0x000001fb6ee14e42 sp=0x000000e82b8f2698 mode 1
Event: 374.267 Thread 0x000001fb43e950d0 DEOPT PACKING pc=0x000001fb6f551b34 sp=0x000000e82b8f4b90
Event: 374.267 Thread 0x000001fb43e950d0 DEOPT UNPACKING pc=0x000001fb6ee14e42 sp=0x000000e82b8f40f0 mode 1
Event: 374.267 Thread 0x000001fb43e950d0 DEOPT PACKING pc=0x000001fb6fe53ce4 sp=0x000000e82b8f4cb0
Event: 374.267 Thread 0x000001fb43e950d0 DEOPT UNPACKING pc=0x000001fb6ee14e42 sp=0x000000e82b8f4180 mode 1
Event: 374.267 Thread 0x000001fb43e950d0 DEOPT PACKING pc=0x000001fb6f551b34 sp=0x000000e82b8f4b80
Event: 374.267 Thread 0x000001fb43e950d0 DEOPT UNPACKING pc=0x000001fb6ee14e42 sp=0x000000e82b8f40f8 mode 1
Event: 374.267 Thread 0x000001fb43e950d0 DEOPT PACKING pc=0x000001fb6f551b34 sp=0x000000e82b8f6540
Event: 374.267 Thread 0x000001fb43e950d0 DEOPT UNPACKING pc=0x000001fb6ee14e42 sp=0x000000e82b8f5aa0 mode 1
Event: 374.267 Thread 0x000001fb43e950d0 DEOPT PACKING pc=0x000001fb6fe53ce4 sp=0x000000e82b8f6660
Event: 374.267 Thread 0x000001fb43e950d0 DEOPT UNPACKING pc=0x000001fb6ee14e42 sp=0x000000e82b8f5b30 mode 1
Event: 374.267 Thread 0x000001fb43e950d0 DEOPT PACKING pc=0x000001fb6f551b34 sp=0x000000e82b8f6530
Event: 374.267 Thread 0x000001fb43e950d0 DEOPT UNPACKING pc=0x000001fb6ee14e42 sp=0x000000e82b8f5aa8 mode 1
Event: 380.236 Thread 0x000001fb43e950d0 DEOPT PACKING pc=0x000001fb6f20a3b4 sp=0x000000e82b8f8040
Event: 380.236 Thread 0x000001fb43e950d0 DEOPT UNPACKING pc=0x000001fb6ee14e42 sp=0x000000e82b8f74f8 mode 0

Classes loaded (20 events):
Event: 50.648 Loading class java/util/stream/ReduceOps$4ReducingSink
Event: 50.648 Loading class java/util/stream/ReduceOps$4ReducingSink done
Event: 50.660 Loading class java/lang/package-info
Event: 50.660 Loading class java/lang/package-info done
Event: 50.673 Loading class java/util/stream/ReduceOps$5
Event: 50.673 Loading class java/util/stream/ReduceOps$5 done
Event: 50.673 Loading class java/util/stream/ReduceOps$CountingSink$OfRef
Event: 50.673 Loading class java/util/stream/ReduceOps$CountingSink
Event: 50.673 Loading class java/util/stream/ReduceOps$CountingSink done
Event: 50.673 Loading class java/util/stream/ReduceOps$CountingSink$OfRef done
Event: 50.681 Loading class org/w3c/dom/Node
Event: 50.681 Loading class org/w3c/dom/Node done
Event: 50.681 Loading class org/w3c/dom/Document
Event: 50.681 Loading class org/w3c/dom/Document done
Event: 50.715 Loading class java/time/Instant$1
Event: 50.715 Loading class java/time/Instant$1 done
Event: 123.709 Loading class java/lang/invoke/MethodHandleImpl$CountingWrapper$1
Event: 123.709 Loading class java/lang/invoke/MethodHandleImpl$CountingWrapper$1 done
Event: 156.619 Loading class jdk/internal/reflect/AccessorUtils
Event: 156.619 Loading class jdk/internal/reflect/AccessorUtils done

Classes unloaded (20 events):
Event: 199.172 Thread 0x000001fb797ac8d0 Unloading class 0x000001fb01470800 'java/lang/invoke/LambdaForm$MH+0x000001fb01470800'
Event: 199.172 Thread 0x000001fb797ac8d0 Unloading class 0x000001fb01470000 'java/lang/invoke/LambdaForm$MH+0x000001fb01470000'
Event: 199.172 Thread 0x000001fb797ac8d0 Unloading class 0x000001fb010d6000 'java/lang/invoke/LambdaForm$MH+0x000001fb010d6000'
Event: 199.172 Thread 0x000001fb797ac8d0 Unloading class 0x000001fb010d5c00 'java/lang/invoke/LambdaForm$MH+0x000001fb010d5c00'
Event: 199.172 Thread 0x000001fb797ac8d0 Unloading class 0x000001fb010d5400 'java/lang/invoke/LambdaForm$MH+0x000001fb010d5400'
Event: 199.172 Thread 0x000001fb797ac8d0 Unloading class 0x000001fb0100b800 'java/lang/invoke/LambdaForm$MH+0x000001fb0100b800'
Event: 199.172 Thread 0x000001fb797ac8d0 Unloading class 0x000001fb0100a800 'java/lang/invoke/LambdaForm$MH+0x000001fb0100a800'
Event: 199.172 Thread 0x000001fb797ac8d0 Unloading class 0x000001fb0100a400 'java/lang/invoke/LambdaForm$MH+0x000001fb0100a400'
Event: 199.172 Thread 0x000001fb797ac8d0 Unloading class 0x000001fb01009c00 'java/lang/invoke/LambdaForm$MH+0x000001fb01009c00'
Event: 199.172 Thread 0x000001fb797ac8d0 Unloading class 0x000001fb01009000 'java/lang/invoke/LambdaForm$MH+0x000001fb01009000'
Event: 199.172 Thread 0x000001fb797ac8d0 Unloading class 0x000001fb01006c00 'java/lang/invoke/LambdaForm$MH+0x000001fb01006c00'
Event: 199.172 Thread 0x000001fb797ac8d0 Unloading class 0x000001fb01006400 'java/lang/invoke/LambdaForm$MH+0x000001fb01006400'
Event: 199.172 Thread 0x000001fb797ac8d0 Unloading class 0x000001fb01005c00 'java/lang/invoke/LambdaForm$MH+0x000001fb01005c00'
Event: 199.172 Thread 0x000001fb797ac8d0 Unloading class 0x000001fb01005400 'java/lang/invoke/LambdaForm$MH+0x000001fb01005400'
Event: 204.257 Thread 0x000001fb797ac8d0 Unloading class 0x000001fb015a9800 'org/apache/catalina/loader/JdbcLeakPrevention'
Event: 228.769 Thread 0x000001fb797ac8d0 Unloading class 0x000001fb01472400 'org/apache/catalina/loader/JdbcLeakPrevention'
Event: 255.389 Thread 0x000001fb797ac8d0 Unloading class 0x000001fb0138c000 'org/apache/catalina/loader/JdbcLeakPrevention'
Event: 255.915 Thread 0x000001fb797ac8d0 Unloading class 0x000001fb01138400 'java/lang/invoke/LambdaForm$MH+0x000001fb01138400'
Event: 304.471 Thread 0x000001fb797ac8d0 Unloading class 0x000001fb01bf1800 'org/apache/catalina/loader/JdbcLeakPrevention'
Event: 364.839 Thread 0x000001fb797ac8d0 Unloading class 0x000001fb01c08c00 'org/apache/catalina/loader/JdbcLeakPrevention'

Classes redefined (20 events):
Event: 227.072 Thread 0x000001fb797ac8d0 redefined class name=com.netpickz.api.movie.MovieController, count=4
Event: 227.072 Thread 0x000001fb797ac8d0 redefined class name=com.netpickz.api.movie.MovieController, count=5
Event: 227.072 Thread 0x000001fb797ac8d0 redefined class name=com.netpickz.api.movie.MovieController, count=6
Event: 227.072 Thread 0x000001fb797ac8d0 redefined class name=com.netpickz.api.movie.MovieController, count=1
Event: 227.072 Thread 0x000001fb797ac8d0 redefined class name=com.netpickz.api.movie.MovieController, count=3
Event: 254.469 Thread 0x000001fb797ac8d0 redefined class name=com.netpickz.api.movie.MovieController, count=5
Event: 254.469 Thread 0x000001fb797ac8d0 redefined class name=com.netpickz.api.movie.MovieController, count=6
Event: 254.469 Thread 0x000001fb797ac8d0 redefined class name=com.netpickz.api.movie.MovieController, count=7
Event: 254.469 Thread 0x000001fb797ac8d0 redefined class name=com.netpickz.api.movie.MovieController, count=1
Event: 254.469 Thread 0x000001fb797ac8d0 redefined class name=com.netpickz.api.movie.MovieController, count=4
Event: 254.469 Thread 0x000001fb797ac8d0 redefined class name=com.netpickz.api.movie.MovieController, count=3
Event: 254.469 Thread 0x000001fb797ac8d0 redefined class name=com.netpickz.api.movie.MovieController, count=2
Event: 302.890 Thread 0x000001fb797ac8d0 redefined class name=com.netpickz.api.movie.MovieController, count=6
Event: 302.890 Thread 0x000001fb797ac8d0 redefined class name=com.netpickz.api.movie.MovieController, count=7
Event: 302.890 Thread 0x000001fb797ac8d0 redefined class name=com.netpickz.api.movie.MovieController, count=8
Event: 302.890 Thread 0x000001fb797ac8d0 redefined class name=com.netpickz.api.movie.MovieController, count=2
Event: 302.890 Thread 0x000001fb797ac8d0 redefined class name=com.netpickz.api.movie.MovieController, count=5
Event: 302.890 Thread 0x000001fb797ac8d0 redefined class name=com.netpickz.api.movie.MovieController, count=4
Event: 302.890 Thread 0x000001fb797ac8d0 redefined class name=com.netpickz.api.movie.MovieController, count=1
Event: 302.890 Thread 0x000001fb797ac8d0 redefined class name=com.netpickz.api.movie.MovieController, count=3

Internal exceptions (20 events):
Event: 364.867 Thread 0x000001fb7f4a0010 Exception <a 'sun/nio/fs/WindowsException'{0x000000070be781f0}> (0x000000070be781f0) 
thrown [s\src\hotspot\share\prims\jni.cpp, line 520]
Event: 365.039 Thread 0x000001fb7f4a0010 Exception <a 'java/lang/NoClassDefFoundError'{0x0000000709b96650}: org/flywaydb/core/Flyway> (0x0000000709b96650) 
thrown [s\src\hotspot\share\oops\constantPool.cpp, line 873]
Event: 365.040 Thread 0x000001fb7f4a0010 Exception <a 'java/lang/NoClassDefFoundError'{0x0000000709b96cb0}: liquibase/integration/spring/SpringLiquibase> (0x0000000709b96cb0) 
thrown [s\src\hotspot\share\oops\constantPool.cpp, line 873]
Event: 365.041 Thread 0x000001fb7f4a0010 Exception <a 'java/lang/NoClassDefFoundError'{0x0000000709bbb078}: org/springframework/batch/core/repository/JobRepository> (0x0000000709bbb078) 
thrown [s\src\hotspot\share\oops\constantPool.cpp, line 873]
Event: 365.041 Thread 0x000001fb7f4a0010 Exception <a 'java/lang/NoClassDefFoundError'{0x0000000709bbb6d0}: org/quartz/Scheduler> (0x0000000709bbb6d0) 
thrown [s\src\hotspot\share\oops\constantPool.cpp, line 873]
Event: 365.041 Thread 0x000001fb7f4a0010 Exception <a 'java/lang/NoClassDefFoundError'{0x0000000709bbbd50}: org/springframework/session/jdbc/JdbcIndexedSessionRepository> (0x0000000709bbbd50) 
thrown [s\src\hotspot\share\oops\constantPool.cpp, line 873]
Event: 365.042 Thread 0x000001fb7f4a0010 Exception <a 'java/lang/NoClassDefFoundError'{0x0000000709bd8278}: org/jooq/DSLContext> (0x0000000709bd8278) 
thrown [s\src\hotspot\share\oops\constantPool.cpp, line 873]
Event: 365.073 Thread 0x000001fb7f4a0010 Exception <a 'java/io/FileNotFoundException'{0x00000007090504f8}> (0x00000007090504f8) 
thrown [s\src\hotspot\share\prims\jni.cpp, line 520]
Event: 365.094 Thread 0x000001fb7f4a0010 Exception <a 'java/io/FileNotFoundException'{0x0000000708f01c10}> (0x0000000708f01c10) 
thrown [s\src\hotspot\share\prims\jni.cpp, line 520]
Event: 368.325 Thread 0x000001fb7f4a1a50 Exception <a 'java/lang/InterruptedException'{0x000000070b000040}: sleep interrupted> (0x000000070b000040) 
thrown [s\src\hotspot\share\prims\jvm.cpp, line 3074]
Event: 368.353 Thread 0x000001fb7f4a0010 Exception <a 'java/lang/NoClassDefFoundError'{0x000000070aed3e60}: liquibase/exception/ChangeLogParseException> (0x000000070aed3e60) 
thrown [s\src\hotspot\share\classfile\systemDictionary.cpp, line 301]
Event: 373.904 Thread 0x000001fb43e950d0 Exception <a 'sun/nio/fs/WindowsException'{0x000000070acfcec8}> (0x000000070acfcec8) 
thrown [s\src\hotspot\share\prims\jni.cpp, line 520]
Event: 374.097 Thread 0x000001fb43e950d0 Exception <a 'java/lang/NoClassDefFoundError'{0x00000007089fdac0}: org/flywaydb/core/Flyway> (0x00000007089fdac0) 
thrown [s\src\hotspot\share\oops\constantPool.cpp, line 873]
Event: 374.098 Thread 0x000001fb43e950d0 Exception <a 'java/lang/NoClassDefFoundError'{0x00000007089fe120}: liquibase/integration/spring/SpringLiquibase> (0x00000007089fe120) 
thrown [s\src\hotspot\share\oops\constantPool.cpp, line 873]
Event: 374.099 Thread 0x000001fb43e950d0 Exception <a 'java/lang/NoClassDefFoundError'{0x0000000708622288}: org/springframework/batch/core/repository/JobRepository> (0x0000000708622288) 
thrown [s\src\hotspot\share\oops\constantPool.cpp, line 873]
Event: 374.099 Thread 0x000001fb43e950d0 Exception <a 'java/lang/NoClassDefFoundError'{0x00000007086228e0}: org/quartz/Scheduler> (0x00000007086228e0) 
thrown [s\src\hotspot\share\oops\constantPool.cpp, line 873]
Event: 374.100 Thread 0x000001fb43e950d0 Exception <a 'java/lang/NoClassDefFoundError'{0x0000000708622f60}: org/springframework/session/jdbc/JdbcIndexedSessionRepository> (0x0000000708622f60) 
thrown [s\src\hotspot\share\oops\constantPool.cpp, line 873]
Event: 374.100 Thread 0x000001fb43e950d0 Exception <a 'java/lang/NoClassDefFoundError'{0x000000070863f478}: org/jooq/DSLContext> (0x000000070863f478) 
thrown [s\src\hotspot\share\oops\constantPool.cpp, line 873]
Event: 374.134 Thread 0x000001fb43e950d0 Exception <a 'java/io/FileNotFoundException'{0x000000070b8a6b38}> (0x000000070b8a6b38) 
thrown [s\src\hotspot\share\prims\jni.cpp, line 520]
Event: 374.153 Thread 0x000001fb43e950d0 Exception <a 'java/io/FileNotFoundException'{0x000000070b75a5f0}> (0x000000070b75a5f0) 
thrown [s\src\hotspot\share\prims\jni.cpp, line 520]

ZGC Phase Switch (0 events):
No events

VM Operations (20 events):
Event: 380.414 Executing VM operation: get/set locals
Event: 380.414 Executing VM operation: get/set locals done
Event: 380.414 Executing VM operation: get/set locals
Event: 380.414 Executing VM operation: get/set locals done
Event: 380.414 Executing VM operation: get/set locals
Event: 380.414 Executing VM operation: get/set locals done
Event: 380.414 Executing VM operation: get/set locals
Event: 380.414 Executing VM operation: get/set locals done
Event: 380.414 Executing VM operation: get/set locals
Event: 380.414 Executing VM operation: get/set locals done
Event: 380.415 Executing VM operation: get/set locals
Event: 380.415 Executing VM operation: get/set locals done
Event: 380.415 Executing VM operation: get/set locals
Event: 380.415 Executing VM operation: get/set locals done
Event: 380.415 Executing VM operation: get/set locals
Event: 380.415 Executing VM operation: get/set locals done
Event: 380.415 Executing VM operation: get/set locals
Event: 380.415 Executing VM operation: get/set locals done
Event: 380.415 Executing VM operation: get/set locals
Event: 380.415 Executing VM operation: get/set locals done

Memory protections (0 events):
No events

Nmethod flushes (20 events):
Event: 304.477 Thread 0x000001fb797ac8d0 flushing  nmethod 0x000001fb6ff3d090
Event: 304.477 Thread 0x000001fb797ac8d0 flushing  nmethod 0x000001fb6ff3da10
Event: 304.477 Thread 0x000001fb797ac8d0 flushing  nmethod 0x000001fb6ff62e10
Event: 304.477 Thread 0x000001fb797ac8d0 flushing  nmethod 0x000001fb6ff64490
Event: 304.477 Thread 0x000001fb797ac8d0 flushing  nmethod 0x000001fb6ff64c90
Event: 304.477 Thread 0x000001fb797ac8d0 flushing  nmethod 0x000001fb6ff6c490
Event: 304.477 Thread 0x000001fb797ac8d0 flushing  nmethod 0x000001fb6ff71d90
Event: 304.477 Thread 0x000001fb797ac8d0 flushing  nmethod 0x000001fb6ff75010
Event: 304.477 Thread 0x000001fb797ac8d0 flushing  nmethod 0x000001fb6ff76810
Event: 304.477 Thread 0x000001fb797ac8d0 flushing  nmethod 0x000001fb6ff78090
Event: 304.477 Thread 0x000001fb797ac8d0 flushing  nmethod 0x000001fb6ff78490
Event: 304.477 Thread 0x000001fb797ac8d0 flushing  nmethod 0x000001fb6ffa8710
Event: 304.477 Thread 0x000001fb797ac8d0 flushing  nmethod 0x000001fb6ffaab10
Event: 304.477 Thread 0x000001fb797ac8d0 flushing  nmethod 0x000001fb7005dc90
Event: 304.477 Thread 0x000001fb797ac8d0 flushing  nmethod 0x000001fb70088b10
Event: 304.477 Thread 0x000001fb797ac8d0 flushing  nmethod 0x000001fb7009a110
Event: 304.477 Thread 0x000001fb797ac8d0 flushing  nmethod 0x000001fb70315410
Event: 304.477 Thread 0x000001fb797ac8d0 flushing  nmethod 0x000001fb70316610
Event: 304.477 Thread 0x000001fb797ac8d0 flushing  nmethod 0x000001fb70317790
Event: 304.477 Thread 0x000001fb797ac8d0 flushing  nmethod 0x000001fb70336290

Events (20 events):
Event: 368.356 Thread 0x000001fb41058c20 Thread added: 0x000001fb4105a760
Event: 368.356 Thread 0x000001fb41058c20 Thread added: 0x000001fb410599c0
Event: 368.358 Thread 0x000001fb7f4a0010 Thread exited: 0x000001fb7f4a0010
Event: 368.359 Thread 0x000001fb7f4a06a0 Thread added: 0x000001fb43e93690
Event: 373.372 Thread 0x000001fb410599c0 Thread exited: 0x000001fb410599c0
Event: 373.897 Thread 0x000001fb7f4a06a0 Thread added: 0x000001fb43e950d0
Event: 373.905 Thread 0x000001fb4105a760 Thread exited: 0x000001fb4105a760
Event: 373.932 Thread 0x000001fb43e950d0 Thread added: 0x000001fb43e91c50
Event: 373.946 Thread 0x000001fb43e91c50 Thread exited: 0x000001fb43e91c50
Event: 374.153 Thread 0x000001fb43e950d0 Thread added: 0x000001fb43e93d20
Event: 374.153 Thread 0x000001fb43e950d0 Thread added: 0x000001fb43e943b0
Event: 374.153 Thread 0x000001fb43e950d0 Thread added: 0x000001fb442a8130
Event: 374.177 Thread 0x000001fb43e950d0 Thread added: 0x000001fb442a66f0
Event: 374.181 Thread 0x000001fb41058c20 Thread added: 0x000001fb4105bbd0
Event: 374.181 Thread 0x000001fb41058c20 Thread added: 0x000001fb41058550
Event: 374.281 Thread 0x000001fb442a66f0 Thread added: 0x000001fb442a87c0
Event: 376.189 Thread 0x000001fb7f49f2f0 Thread exited: 0x000001fb7f49f2f0
Event: 379.658 Thread 0x000001fb41058550 Thread exited: 0x000001fb41058550
Event: 379.704 Thread 0x000001fb442a87c0 Thread exited: 0x000001fb442a87c0
Event: 380.061 Thread 0x000001fb442ac2d0 Thread exited: 0x000001fb442ac2d0


Dynamic libraries:
0x00007ff675d10000 - 0x00007ff675d1e000 	C:\sts-4.32.0.RELEASE\plugins\org.eclipse.justj.openjdk.hotspot.jre.full.win32.x86_64_21.0.8.v20250724-1412\jre\bin\javaw.exe
0x00007ffc42ea0000 - 0x00007ffc43109000 	C:\WINDOWS\SYSTEM32\ntdll.dll
0x00007ffc41a80000 - 0x00007ffc41b49000 	C:\WINDOWS\System32\KERNEL32.DLL
0x00007ffc40180000 - 0x00007ffc40573000 	C:\WINDOWS\System32\KERNELBASE.dll
0x00007ffc40030000 - 0x00007ffc4017b000 	C:\WINDOWS\System32\ucrtbase.dll
0x00007ffc29870000 - 0x00007ffc2988e000 	C:\sts-4.32.0.RELEASE\plugins\org.eclipse.justj.openjdk.hotspot.jre.full.win32.x86_64_21.0.8.v20250724-1412\jre\bin\VCRUNTIME140.dll
0x00007ffc29850000 - 0x00007ffc29868000 	C:\sts-4.32.0.RELEASE\plugins\org.eclipse.justj.openjdk.hotspot.jre.full.win32.x86_64_21.0.8.v20250724-1412\jre\bin\jli.dll
0x00007ffc415d0000 - 0x00007ffc41794000 	C:\WINDOWS\System32\USER32.dll
0x00007ffc408e0000 - 0x00007ffc40907000 	C:\WINDOWS\System32\win32u.dll
0x00007ffc414f0000 - 0x00007ffc4151b000 	C:\WINDOWS\System32\GDI32.dll
0x00007ffc40580000 - 0x00007ffc406ad000 	C:\WINDOWS\System32\gdi32full.dll
0x00007ffc406b0000 - 0x00007ffc40753000 	C:\WINDOWS\System32\msvcp_win.dll
0x00007ffc26240000 - 0x00007ffc264d3000 	C:\WINDOWS\WinSxS\amd64_microsoft.windows.common-controls_6595b64144ccf1df_6.0.26100.5074_none_3e0d6f78e32fd63f\COMCTL32.dll
0x00007ffc41520000 - 0x00007ffc415c9000 	C:\WINDOWS\System32\msvcrt.dll
0x00007ffc41e40000 - 0x00007ffc41e6f000 	C:\WINDOWS\System32\IMM32.DLL
0x00007ffc384a0000 - 0x00007ffc384ac000 	C:\sts-4.32.0.RELEASE\plugins\org.eclipse.justj.openjdk.hotspot.jre.full.win32.x86_64_21.0.8.v20250724-1412\jre\bin\vcruntime140_1.dll
0x00007ffc297c0000 - 0x00007ffc2984d000 	C:\sts-4.32.0.RELEASE\plugins\org.eclipse.justj.openjdk.hotspot.jre.full.win32.x86_64_21.0.8.v20250724-1412\jre\bin\msvcp140.dll
0x00007ffb7e8d0000 - 0x00007ffb7f667000 	C:\sts-4.32.0.RELEASE\plugins\org.eclipse.justj.openjdk.hotspot.jre.full.win32.x86_64_21.0.8.v20250724-1412\jre\bin\server\jvm.dll
0x00007ffc40c80000 - 0x00007ffc40d34000 	C:\WINDOWS\System32\ADVAPI32.dll
0x00007ffc42cb0000 - 0x00007ffc42d56000 	C:\WINDOWS\System32\sechost.dll
0x00007ffc41bc0000 - 0x00007ffc41cd8000 	C:\WINDOWS\System32\RPCRT4.dll
0x00007ffc40fd0000 - 0x00007ffc41044000 	C:\WINDOWS\System32\WS2_32.dll
0x00007ffc33480000 - 0x00007ffc334b5000 	C:\WINDOWS\SYSTEM32\WINMM.dll
0x00007ffc3fe90000 - 0x00007ffc3feee000 	C:\WINDOWS\SYSTEM32\POWRPROF.dll
0x00007ffc2c470000 - 0x00007ffc2c47b000 	C:\WINDOWS\SYSTEM32\VERSION.dll
0x00007ffc3fe70000 - 0x00007ffc3fe84000 	C:\WINDOWS\SYSTEM32\UMPDC.dll
0x00007ffc3ee10000 - 0x00007ffc3ee2b000 	C:\WINDOWS\SYSTEM32\kernel.appcore.dll
0x00007ffc3cac0000 - 0x00007ffc3caca000 	C:\sts-4.32.0.RELEASE\plugins\org.eclipse.justj.openjdk.hotspot.jre.full.win32.x86_64_21.0.8.v20250724-1412\jre\bin\jimage.dll
0x00007ffc3d320000 - 0x00007ffc3d562000 	C:\WINDOWS\SYSTEM32\DBGHELP.DLL
0x00007ffc420e0000 - 0x00007ffc4245b000 	C:\WINDOWS\System32\combase.dll
0x00007ffc41ce0000 - 0x00007ffc41db7000 	C:\WINDOWS\System32\OLEAUT32.dll
0x00007ffc20910000 - 0x00007ffc2094d000 	C:\WINDOWS\SYSTEM32\dbgcore.DLL
0x00007ffc40b10000 - 0x00007ffc40ba9000 	C:\WINDOWS\System32\bcryptPrimitives.dll
0x00007ffc26a60000 - 0x00007ffc26a9c000 	C:\sts-4.32.0.RELEASE\plugins\org.eclipse.justj.openjdk.hotspot.jre.full.win32.x86_64_21.0.8.v20250724-1412\jre\bin\jdwp.dll
0x00007ffc2a080000 - 0x00007ffc2a08f000 	C:\sts-4.32.0.RELEASE\plugins\org.eclipse.justj.openjdk.hotspot.jre.full.win32.x86_64_21.0.8.v20250724-1412\jre\bin\instrument.dll
0x00007ffc3caa0000 - 0x00007ffc3cabf000 	C:\sts-4.32.0.RELEASE\plugins\org.eclipse.justj.openjdk.hotspot.jre.full.win32.x86_64_21.0.8.v20250724-1412\jre\bin\java.dll
0x00007ffc42460000 - 0x00007ffc42bad000 	C:\WINDOWS\System32\SHELL32.dll
0x00007ffc409a0000 - 0x00007ffc40b0c000 	C:\WINDOWS\System32\wintypes.dll
0x00007ffc3dcb0000 - 0x00007ffc3e509000 	C:\WINDOWS\SYSTEM32\windows.storage.dll
0x00007ffc41e80000 - 0x00007ffc41f70000 	C:\WINDOWS\System32\SHCORE.dll
0x00007ffc42c30000 - 0x00007ffc42c92000 	C:\WINDOWS\System32\shlwapi.dll
0x00007ffc3ff50000 - 0x00007ffc3ff79000 	C:\WINDOWS\SYSTEM32\profapi.dll
0x00007ffc38530000 - 0x00007ffc38548000 	C:\sts-4.32.0.RELEASE\plugins\org.eclipse.justj.openjdk.hotspot.jre.full.win32.x86_64_21.0.8.v20250724-1412\jre\bin\zip.dll
0x00007ffc38400000 - 0x00007ffc3840b000 	C:\sts-4.32.0.RELEASE\plugins\org.eclipse.justj.openjdk.hotspot.jre.full.win32.x86_64_21.0.8.v20250724-1412\jre\bin\dt_socket.dll
0x00007ffc3e8e0000 - 0x00007ffc3e914000 	C:\WINDOWS\SYSTEM32\IPHLPAPI.DLL
0x00007ffc3f390000 - 0x00007ffc3f3fb000 	C:\WINDOWS\system32\mswsock.dll
0x00007ffc3e920000 - 0x00007ffc3ea46000 	C:\WINDOWS\SYSTEM32\DNSAPI.dll
0x00007ffc41b50000 - 0x00007ffc41b5a000 	C:\WINDOWS\System32\NSI.dll
0x00007ffc36410000 - 0x00007ffc3641b000 	C:\Windows\System32\rasadhlp.dll
0x00007ffc37220000 - 0x00007ffc372a6000 	C:\WINDOWS\System32\fwpuclnt.dll
0x00007ffc3ca90000 - 0x00007ffc3caa0000 	C:\sts-4.32.0.RELEASE\plugins\org.eclipse.justj.openjdk.hotspot.jre.full.win32.x86_64_21.0.8.v20250724-1412\jre\bin\net.dll
0x00007ffc36010000 - 0x00007ffc3612f000 	C:\WINDOWS\SYSTEM32\WINHTTP.dll
0x00007ffc38450000 - 0x00007ffc38466000 	C:\sts-4.32.0.RELEASE\plugins\org.eclipse.justj.openjdk.hotspot.jre.full.win32.x86_64_21.0.8.v20250724-1412\jre\bin\nio.dll
0x00007ffc2a000000 - 0x00007ffc2a00a000 	C:\sts-4.32.0.RELEASE\plugins\org.eclipse.justj.openjdk.hotspot.jre.full.win32.x86_64_21.0.8.v20250724-1412\jre\bin\management.dll
0x00007ffc29b00000 - 0x00007ffc29b0b000 	C:\sts-4.32.0.RELEASE\plugins\org.eclipse.justj.openjdk.hotspot.jre.full.win32.x86_64_21.0.8.v20250724-1412\jre\bin\management_ext.dll
0x00007ffc40c70000 - 0x00007ffc40c78000 	C:\WINDOWS\System32\PSAPI.DLL
0x00007ffc1baf0000 - 0x00007ffc1bb08000 	C:\WINDOWS\system32\napinsp.dll
0x00007ffc1bad0000 - 0x00007ffc1bae2000 	C:\WINDOWS\System32\winrnr.dll
0x00007ffc19fa0000 - 0x00007ffc19fc8000 	C:\WINDOWS\system32\nlansp_c.dll
0x00007ffc2e430000 - 0x00007ffc2e446000 	C:\WINDOWS\system32\wshbth.dll
0x00007ffc3f630000 - 0x00007ffc3f64b000 	C:\WINDOWS\SYSTEM32\CRYPTSP.dll
0x00007ffc3ed70000 - 0x00007ffc3edab000 	C:\WINDOWS\system32\rsaenh.dll
0x00007ffc3f430000 - 0x00007ffc3f45b000 	C:\WINDOWS\SYSTEM32\USERENV.dll
0x00007ffc3ff20000 - 0x00007ffc3ff46000 	C:\WINDOWS\SYSTEM32\bcrypt.dll
0x00007ffc3f650000 - 0x00007ffc3f65c000 	C:\WINDOWS\SYSTEM32\CRYPTBASE.dll
0x00007ffc1d530000 - 0x00007ffc1d539000 	C:\sts-4.32.0.RELEASE\plugins\org.eclipse.justj.openjdk.hotspot.jre.full.win32.x86_64_21.0.8.v20250724-1412\jre\bin\extnet.dll
0x00007ffc2a090000 - 0x00007ffc2a0a0000 	C:\sts-4.32.0.RELEASE\plugins\org.eclipse.justj.openjdk.hotspot.jre.full.win32.x86_64_21.0.8.v20250724-1412\jre\bin\verify.dll
0x00007ffc29750000 - 0x00007ffc2975e000 	C:\sts-4.32.0.RELEASE\plugins\org.eclipse.justj.openjdk.hotspot.jre.full.win32.x86_64_21.0.8.v20250724-1412\jre\bin\sunmscapi.dll
0x00007ffc40760000 - 0x00007ffc408d7000 	C:\WINDOWS\System32\CRYPT32.dll
0x00007ffc3f850000 - 0x00007ffc3f880000 	C:\WINDOWS\SYSTEM32\ncrypt.dll
0x00007ffc3f800000 - 0x00007ffc3f83f000 	C:\WINDOWS\SYSTEM32\NTASN1.dll
0x00007ffc10020000 - 0x00007ffc10028000 	C:\WINDOWS\system32\wshunix.dll
0x00007ffc36c40000 - 0x00007ffc36c5e000 	C:\WINDOWS\SYSTEM32\dhcpcsvc6.DLL
0x00007ffc36c10000 - 0x00007ffc36c33000 	C:\WINDOWS\SYSTEM32\dhcpcsvc.DLL

JVMTI agents:
jdwp path:C:\sts-4.32.0.RELEASE\plugins\org.eclipse.justj.openjdk.hotspot.jre.full.win32.x86_64_21.0.8.v20250724-1412\jre\bin\jdwp.dll, loaded, initialized, options:transport=dt_socket,suspend=y,address=localhost:63834
C:\sts-4.32.0.RELEASE\configuration\org.eclipse.osgi\272\0\.cp\lib\javaagent-shaded.jar path:C:\sts-4.32.0.RELEASE\plugins\org.eclipse.justj.openjdk.hotspot.jre.full.win32.x86_64_21.0.8.v20250724-1412\jre\bin\instrument.dll, loaded, initialized, instrumentlib options:none

dbghelp: loaded successfully - version: 4.0.5 - missing functions: none
symbol engine: initialized successfully - sym options: 0x614 - pdb path: .;C:\sts-4.32.0.RELEASE\plugins\org.eclipse.justj.openjdk.hotspot.jre.full.win32.x86_64_21.0.8.v20250724-1412\jre\bin;C:\WINDOWS\SYSTEM32;C:\WINDOWS\WinSxS\amd64_microsoft.windows.common-controls_6595b64144ccf1df_6.0.26100.5074_none_3e0d6f78e32fd63f;C:\sts-4.32.0.RELEASE\plugins\org.eclipse.justj.openjdk.hotspot.jre.full.win32.x86_64_21.0.8.v20250724-1412\jre\bin\server

VM Arguments:
jvm_args: -XX:+ShowCodeDetailsInExceptionMessages -agentlib:jdwp=transport=dt_socket,suspend=y,address=localhost:63834 -Dcom.sun.management.jmxremote -Dcom.sun.management.jmxremote.port=63833 -Dcom.sun.management.jmxremote.authenticate=false -Dcom.sun.management.jmxremote.ssl=false -Djava.rmi.server.hostname=localhost -Dspring.jmx.enabled=true -Dmanagement.endpoints.jmx.exposure.include=* -Dspring.application.admin.enabled=true -Dspring.output.ansi.enabled=always -XX:TieredStopAtLevel=1 -Dspring.boot.project.name=Netpickz_back -javaagent:C:\sts-4.32.0.RELEASE\configuration\org.eclipse.osgi\272\0\.cp\lib\javaagent-shaded.jar -Dfile.encoding=UTF-8 -Dstdout.encoding=UTF-8 -Dstderr.encoding=UTF-8 
java_command: com.netpickz.NetpickzBackApplication
java_class_path (initial): D:\git\NetPickz_Back\bin\main;C:\Users\±è¿¹Áö\.gradle\caches\modules-2\files-2.1\org.projectlombok\lombok\1.18.38\57f8f5e02e92a30fd21b80cbd426a4172b5f8e29\lombok-1.18.38.jar;C:\Users\±è¿¹Áö\.gradle\caches\modules-2\files-2.1\org.springframework.boot\spring-boot-starter-web\3.5.3\4ba7817f958e9a0b0f642af98440affd0c7e2ee0\spring-boot-starter-web-3.5.3.jar;C:\Users\±è¿¹Áö\.gradle\caches\modules-2\files-2.1\org.springframework.boot\spring-boot-starter-data-jpa\3.5.4\866e11ae6a920a20a766a903693a9efbec83d388\spring-boot-starter-data-jpa-3.5.4.jar;C:\Users\±è¿¹Áö\.gradle\caches\modules-2\files-2.1\org.springframework.boot\spring-boot-starter-webflux\3.5.0\7d338ef1befe15e654711fea23ae56c8097f2bef\spring-boot-starter-webflux-3.5.0.jar;C:\Users\±è¿¹Áö\.gradle\caches\modules-2\files-2.1\org.springframework.boot\spring-boot-starter-json\3.5.5\316736898ceac2a806e08e981ea059c78b982383\spring-boot-starter-json-3.5.5.jar;C:\Users\±è¿¹Áö\.gradle\caches\modules-2\files-2.1\org.springframework.boot\spring-boot-starter-jdbc\3.5.5\25ab9d086e35f606ea0147b10defdd1c8be3f25\spring-boot-starter-jdbc-3.5.5.jar;C:\Users\±è¿¹Áö\.gradle\caches\modules-2\files-2.1\org.springdoc\springdoc-openapi-starter-webmvc-ui\2.8.9\a05427a327a1e2c986c29b83632924a29616b400\springdoc-openapi-starter-webmvc-ui-2.8.9.jar;C:\Users\±è¿¹Áö\.gradle\caches\modules-2\files-2.1\org.springdoc\springdoc-openapi-starter-webmvc-api\2.8.9\4fe6ba3d0eb14176a8ee44b62dcfe15d99c07d48\springdoc-openapi-starter-webmvc-api-2.8.9.jar;C:\Users\±è¿¹Áö\.gradle\caches\modules-2\files-2.1\org.springdoc\springdoc-openapi-starter-common\2.8.9\94e3d4794436f351d79ccde672153c70d346ab0e\springdoc-openapi-starter-common-2.8.9.jar;C:\Users\±è¿¹Áö\.gradle\caches\modules-2\files-2.1\org.springframework.boot\spring-boot-starter-validation\3.5.5\5510bd155652ef231976f1ff1ca1bb1d9698829c\spring-boot-starter-validation-3.5.5.jar;C:\Users\±è¿¹Áö\.gradle\caches\modules-2\files-2.1\org.springframework.boot\spring-boot-starter\3.5.5\f0e27ab73519ebebfc72c9b16ccde342cc9f599d\spring-boot-starter-3.5.5.jar;C:\Users\±è¿¹Áö\.gradle\caches\modules-2\files-2.1\org.springframework.boot\spring-boot-devtools\3.5.0\982d5bb2a4aa2728144cd02dbd4671200ac5e062\spring-boot-devtools-3.5.0.jar;C:\Users\±è¿¹Áö\.gradle\caches\modules-2\files-2.1\org.mariadb.jdbc\mariadb-java-client\3.5.3\7dd98de674679356a2eeada875a383f553e09b54\mariadb-java-client-3.5.3.jar;C:\Users\±è¿¹Áö\.gradle\caches\modules-2\files-2.1\org.springframework.boot\spring-boot-autoconfigure\3.5.5\348f4fb99d61a1ea039a44ec667b61657adb54b2\spring-boot-autoconfigure-3.5.5.jar;C:\Users\±è¿¹Áö\.gradle\caches\modules-2\files-2.1\org.springframework.boot\spring-boot\3.5.5\7d50b76ea4905d6c61fea5cb6556bc735c55da1\spring-boot-3.5.5.jar;C:\Users\±è¿¹Áö\.gradle\caches\modules-2\files-2.1\org.springframework.boot\spring-boot-starter-logging\3.5.5\981750c503485e442e37b7cac1dc19c5ddfc6d58\spring-boot-starter-logging-3.5.5.jar;C:\Users\±è¿¹Áö\.gradle\caches\modules-2\files-2.1\org.springframework.boot\spring-boot-starter-tomcat\3.5.5\c1342d34e6eeee72d98675d413ae2e925ea22852\spring-boot-starter-tomcat-3.5.5.jar;C:\Users\±è¿¹Áö\.gradle\caches\modules-2\files-2.1\org.springframework.data\spring-data-jpa\3.5.3\ed2764475a3c53fec8d1b844f9700ce6427b29dc\spring-data-jpa-3.5.3.jar;C:\Users\±è¿¹Áö\.gradle\caches\modules-2\files-2.1\jakarta.annotation\jakarta.annotation-api\2.1.1\48b9bda22b091b1f48b13af03fe36db3be6e1ae3\jakarta.annotation-api-2.1.1.jar;C:\Users\±è¿¹Áö\.gradle\caches\modules-2\files-2.1\org.springframework\spring-webmvc\6.2.10\d3491aedc2636378cd273f6266d49f43a8b3e241\spring-webmvc-6.2.10.jar;C:\Users\±è¿¹Áö\.gradle\caches\modules-2\files-2.1\org.springframework\spring-webflux\6.2.10\1f6ab87fd341ae76cf5cc1d4ca4fb53bf4a9557e\spring-webflux-6.2.10.jar;C:\Users\±è¿¹Áö\.gradle\caches\modules-2\files-2.1\org.springframework\spring-web\6.2.10\38c2f6633a44b385b6263294c38e5a4f217c005c\spring-web-6.2.10.jar;C:\Users\±è¿¹Áö\.gradle\caches\modules-2\files-2.1\org.springframework\spring-context\6.2.10\80464a79539a19a00e32eccb041670f34857fe7\spring-context-6.2.10.jar;C:\Users\±è¿¹Áö\.gradle\caches\modules-2\files-2.1\org.springframework\spring-aop\6.2.10\2b194c29deaadb71a8a8e5b8b41d9521c29a0d66\spring-aop-6.2.10.jar;C:\Users\±è¿¹Áö\.gradle\caches\modules-2\files-2.1\org.springframework\spring-orm\6.2.10\4bf04f4693bfbb56248b0dccc7f5e0ec77f95ca6\spring-orm-6.2.10.jar;C:\Users\±è¿¹Áö\.gradle\caches\modules-2\files-2.1\org.springframework\spring-jdbc\6.2.10\4514e36bf0880464b9b55ecf0ea6ebd7362b664\spring-jdbc-6.2.10.jar;C:\Users\±è¿¹Áö\.gradle\caches\modules-2\files-2.1\org.springframework.data\spring-data-commons\3.5.3\886e56cfc383f757f057901dc7c448d8dcc73fed\spring-data-commons-3.5.3.jar;C:\Users\±è¿¹Áö\.gradle\caches\modules-2\files-2.1\org.springframework\spring-tx\6.2.10\bd4915d9862f127b45bae75195622d84f36a5373\spring-tx-6.2.10.jar;C:\Users\±è¿¹Áö\.gradle\caches\modules-2\files-2.1\org.springframework\spring-beans\6.2.10\88ffda89593a74bb356a96ea2ed235ec6e083cfa\spring-beans-6.2.10.jar;C:\Users\±è¿¹Áö\.gradle\caches\modules-2\files-2.1\org.springframework\spring-expression\6.2.10\16bdfead8a73673e395441c14b1868a128fc87c2\spring-expression-6.2.10.jar;C:\Users\±è¿¹Áö\.gradle\caches\modules-2\files-2.1\org.springframework\spring-core\6.2.10\82d9c797f9147b643ac0aab8a1a40e96f8d8a737\spring-core-6.2.10.jar;C:\Users\±è¿¹Áö\.gradle\caches\modules-2\files-2.1\io.swagger.core.v3\swagger-core-jakarta\2.2.30\b55ef7df3f564d571106dcef586d935bb8989981\swagger-core-jakarta-2.2.30.jar;C:\Users\±è¿¹Áö\.gradle\caches\modules-2\files-2.1\com.fasterxml.jackson.datatype\jackson-datatype-jdk8\2.19.2\a720d3946c3a1ab04b780f3b3163d62eee6948a0\jackson-datatype-jdk8-2.19.2.jar;C:\Users\±è¿¹Áö\.gradle\caches\modules-2\files-2.1\com.fasterxml.jackson.datatype\jackson-datatype-jsr310\2.19.2\72e73f048b36d9df82aef146bf8b2ae63b2e28e2\jackson-datatype-jsr310-2.19.2.jar;C:\Users\±è¿¹Áö\.gradle\caches\modules-2\files-2.1\com.fasterxml.jackson.module\jackson-module-parameter-names\2.19.2\3c4ce467c11364c72ec4967c570fd5a2d1be1d0b\jackson-module-parameter-names-2.19.2.jar;C:\Users\±è¿¹Áö\.gradle\caches\modules-2\files-2.1\com.fasterxml.jackson.core\jackson-databind\2.19.2\46509399d28f57ca32c6bb4b0d4e10e8f062051e\jackson-databind-2.19.2.jar;C:\Users\±è¿¹Áö\.gradle\caches\modules-2\files-2.1\io.swagger.core.v3\swagger-models-jakarta\2.2.30\cf01975f119e044da46093668c78aab46d346324\swagger-models-jakarta-2.2.30.jar;C:\Users\±è¿¹Áö\.gradle\caches\modules-2\files-2.1\com.fasterxml.jackson.core\jackson-annotations\2.19.2\c5381f11988ae3d424b197a26087d86067b6d7d\jackson-annotations-2.19.2.jar;C:\Users\±è¿¹Áö\.gradle\caches\modules-2\files-2.1\com.fasterxml.jackson.core\jackson-core\2.19.2\50f3b4bd59b9ff51a0ed493e7b5abaf5c39709bf\jackson-core-2.19.2.jar;C:\Users\±è¿¹Áö\.gradle\caches\modules-2\files-2.1\com.fasterxml.jackson.dataformat\jackson-dataformat-yaml\2.19.2\ba1079940daa609061e46c80b72c5546c4718401\jackson-dataformat-yaml-2.19.2.jar;C:\Users\±è¿¹Áö\.gradle\caches\modules-2\files-2.1\org.yaml\snakeyaml\2.4\e0666b825b796f85521f02360e77f4c92c5a7a07\snakeyaml-2.4.jar;C:\Users\±è¿¹Áö\.gradle\caches\modules-2\files-2.1\org.webjars\swagger-ui\5.21.0\651ab92c05301ffd2a573667197f94b3968deb22\swagger-ui-5.21.0.jar;C:\Users\±è¿¹Áö\.gradle\caches\modules-2\files-2.1\org.webjars\webjars-locator-lite\1.1.0\4aaeaa0cdaabb6c72a98894f0faf41037a907115\webjars-locator-lite-1.1.0.jar;C:\Users\±è¿¹Áö\.gradle\caches\modules-2\files-2.1\org.hibernate.orm\hibernate-core\6.6.26.Final\4a89014a34c7c46d15da49de85aa879c603c962\hibernate-core-6.6.26.Final.jar;C:\Users\±è¿¹Áö\.gradle\caches\modules-2\files-2.1\org.springframework\spring-aspects\6.2.10\34303b4c9a50261522dbce2d4c3c659660b3c33\spring-aspects-6.2.10.jar;C:\Users\±è¿¹Áö\.gradle\caches\modules-2\files-2.1\org.springframework.boot\spring-boot-starter-reactor-netty\3.5.5\2c20b130048959ada50e1af0fc65779e38a720\spring-boot-starter-reactor-netty-3.5.5.jar;C:\Users\±è¿¹Áö\.gradle\caches\modules-2\files-2.1\ch.qos.logback\logback-classic\1.5.18\fc371f3fc97a639de2d67947cffb7518ec5e3d40\logback-classic-1.5.18.jar;C:\Users\±è¿¹Áö\.gradle\caches\modules-2\files-2.1\org.apache.logging.log4j\log4j-to-slf4j\2.24.3\da1143e2a2531ee1c2d90baa98eb50a28a39d5a7\log4j-to-slf4j-2.24.3.jar;C:\Users\±è¿¹Áö\.gradle\caches\modules-2\files-2.1\org.slf4j\jul-to-slf4j\2.0.17\524cb6ccc2b68a57604750e1ab8b13b5a786a6aa\jul-to-slf4j-2.0.17.jar;C:\Users\±è¿¹Áö\.gradle\caches\modules-2\files-2.1\org.springframework\spring-jcl\6.2.10\9ff7e998fe11d991f6b7fd000a0c6583c9e6ffee\spring-jcl-6.2.10.jar;C:\Users\±è¿¹Áö\.gradle\caches\modules-2\files-2.1\org.apache.tomcat.embed\tomcat-embed-websocket\10.1.44\1966a8224858c4b4480469bfcdcaa3f8faf59cc7\tomcat-embed-websocket-10.1.44.jar;C:\Users\±è¿¹Áö\.gradle\caches\modules-2\files-2.1\org.apache.tomcat.embed\tomcat-embed-core\10.1.44\5e18d00936ca925c9249f1a8e77c0e8adf1d6287\tomcat-embed-core-10.1.44.jar;C:\Users\±è¿¹Áö\.gradle\caches\modules-2\files-2.1\org.apache.tomcat.embed\tomcat-embed-el\10.1.44\6ee7685651c5eba1f4bef99f9dbb38b89d1a6cb6\tomcat-embed-el-10.1.44.jar;C:\Users\±è¿¹Áö\.gradle\caches\modules-2\files-2.1\io.micrometer\micrometer-observation\1.15.3\e95d07e329f6d3ecb15a6ba1c5d96c25b9df0a97\micrometer-observation-1.15.3.jar;C:\Users\±è¿¹Áö\.gradle\caches\modules-2\files-2.1\org.jspecify\jspecify\1.0.0\7425a601c1c7ec76645a78d22b8c6a627edee507\jspecify-1.0.0.jar;C:\Users\±è¿¹Áö\.gradle\caches\modules-2\files-2.1\com.zaxxer\HikariCP\6.3.2\d09ad7d252c2a8daaa99ed5f3b0d54f95b9b344\HikariCP-6.3.2.jar;C:\Users\±è¿¹Áö\.gradle\caches\modules-2\files-2.1\jakarta.persistence\jakarta.persistence-api\3.1.0\66901fa1c373c6aff65c13791cc11da72060a8d6\jakarta.persistence-api-3.1.0.jar;C:\Users\±è¿¹Áö\.gradle\caches\modules-2\files-2.1\jakarta.transaction\jakarta.transaction-api\2.0.1\51a520e3fae406abb84e2e1148e6746ce3f80a1a\jakarta.transaction-api-2.0.1.jar;C:\Users\±è¿¹Áö\.gradle\caches\modules-2\files-2.1\org.antlr\antlr4-runtime\4.13.0\5a02e48521624faaf5ff4d99afc88b01686af655\antlr4-runtime-4.13.0.jar;C:\Users\±è¿¹Áö\.gradle\caches\modules-2\files-2.1\org.slf4j\slf4j-api\2.0.17\d9e58ac9c7779ba3bf8142aff6c830617a7fe60f\slf4j-api-2.0.17.jar;C:\Users\±è¿¹Áö\.gradle\caches\modules-2\files-2.1\org.aspectj\aspectjweaver\1.9.24\9b5aeb0cea9f958b9c57fb80e62996e95a3e9379\aspectjweaver-1.9.24.jar;C:\Users\±è¿¹Áö\.gradle\caches\modules-2\files-2.1\io.projectreactor.netty\reactor-netty-http\1.2.9\aea5b2eb6f1cb9a933a4c97745291ffc34ec10d6\reactor-netty-http-1.2.9.jar;C:\Users\±è¿¹Áö\.gradle\caches\modules-2\files-2.1\io.projectreactor.netty\reactor-netty-core\1.2.9\aa1979804ad9f8e3b59f60681bfd2400a16d7b9b\reactor-netty-core-1.2.9.jar;C:\Users\±è¿¹Áö\.gradle\caches\modules-2\files-2.1\io.projectreactor\reactor-core\3.7.9\95a14ea97f7c99e0897120dc6fe46370c040f7a6\reactor-core-3.7.9.jar;C:\Users\±è¿¹Áö\.gradle\caches\modules-2\files-2.1\ch.qos.logback\logback-core\1.5.18\6c0375624f6f36b4e089e2488ba21334a11ef13f\logback-core-1.5.18.jar;C:\Users\±è¿¹Áö\.gradle\caches\modules-2\files-2.1\org.apache.logging.log4j\log4j-api\2.24.3\b02c125db8b6d295adf72ae6e71af5d83bce2370\log4j-api-2.24.3.jar;C:\Users\±è¿¹Áö\.gradle\caches\modules-2\files-2.1\io.micrometer\micrometer-commons\1.15.3\3a97060d64a54daa11f14365aebc559fa8820281\micrometer-commons-1.15.3.jar;C:\Users\±è¿¹Áö\.gradle\caches\modules-2\files-2.1\io.netty\netty-codec-http2\4.1.124.Final\24f9b9afacb3d79c176d10424890ebd4457ceaf7\netty-codec-http2-4.1.124.Final.jar;C:\Users\±è¿¹Áö\.gradle\caches\modules-2\files-2.1\io.netty\netty-handler-proxy\4.1.124.Final\ae6a6cee393435f59634f2f96fa88f671dac90e0\netty-handler-proxy-4.1.124.Final.jar;C:\Users\±è¿¹Áö\.gradle\caches\modules-2\files-2.1\io.netty\netty-codec-http\4.1.124.Final\57d4a06c3241f153410ffec292004fbba87b9695\netty-codec-http-4.1.124.Final.jar;C:\Users\±è¿¹Áö\.gradle\caches\modules-2\files-2.1\io.netty\netty-resolver-dns-native-macos\4.1.124.Final\af0983ea587ae4279d487c16f55048991bc08b6f\netty-resolver-dns-native-macos-4.1.124.Final-osx-x86_64.jar;C:\Users\±è¿¹Áö\.gradle\caches\modules-2\files-2.1\io.netty\netty-resolver-dns-classes-macos\4.1.124.Final\ec3eeda53a9887eaa1fc8bf90bd9405ecd7c35bd\netty-resolver-dns-classes-macos-4.1.124.Final.jar;C:\Users\±è¿¹Áö\.gradle\caches\modules-2\files-2.1\io.netty\netty-resolver-dns\4.1.124.Final\e8a87f24b00128b931ee18cac08a3be745dc84ce\netty-resolver-dns-4.1.124.Final.jar;C:\Users\±è¿¹Áö\.gradle\caches\modules-2\files-2.1\io.netty\netty-transport-native-epoll\4.1.124.Final\ca83555a63c2c0863aa1e826a8881b13d62075a5\netty-transport-native-epoll-4.1.124.Final-linux-x86_64.jar;C:\Users\±è¿¹Áö\.gradle\caches\modules-2\files-2.1\org.reactivestreams\reactive-streams\1.0.4\3864a1320d97d7b045f729a326e1e077661f31b7\reactive-streams-1.0.4.jar;C:\Users\±è¿¹Áö\.gradle\caches\modules-2\files-2.1\org.hibernate.validator\hibernate-validator\8.0.3.Final\4425f554297a1c5ba03a3f30e559a9fd91048cf8\hibernate-validator-8.0.3.Final.jar;C:\Users\±è¿¹Áö\.gradle\caches\modules-2\files-2.1\org.apache.commons\commons-lang3\3.17.0\b17d2136f0460dcc0d2016ceefca8723bdf4ee70\commons-lang3-3.17.0.jar;C:\Users\±è¿¹Áö\.gradle\caches\modules-2\files-2.1\io.swagger.core.v3\swagger-annotations-jakarta\2.2.30\b5d67e564431741eefaf21e4f977f12aefbc5f81\swagger-annotations-jakarta-2.2.30.jar;C:\Users\±è¿¹Áö\.gradle\caches\modules-2\files-2.1\jakarta.xml.bind\jakarta.xml.bind-api\4.0.2\6cd5a999b834b63238005b7144136379dc36cad2\jakarta.xml.bind-api-4.0.2.jar;C:\Users\±è¿¹Áö\.gradle\caches\modules-2\files-2.1\jakarta.validation\jakarta.validation-api\3.0.2\92b6631659ba35ca09e44874d3eb936edfeee532\jakarta.validation-api-3.0.2.jar;C:\Users\±è¿¹Áö\.gradle\caches\modules-2\files-2.1\io.netty\netty-handler\4.1.124.Final\13abbd2534e08e60b42829900d2a5d10b9417129\netty-handler-4.1.124.Final.jar;C:\Users\±è¿¹Áö\.gradle\caches\modules-2\files-2.1\io.netty\netty-codec-dns\4.1.124.Final\ecfc4946066df549ecce8b9cec999e4b1526c8f2\netty-codec-dns-4.1.124.Final.jar;C:\Users\±è¿¹Áö\.gradle\caches\modules-2\files-2.1\io.netty\netty-codec-socks\4.1.124.Final\fc2ee1c4e0d88804c1d058da8b3a4d483b1a2754\netty-codec-socks-4.1.124.Final.jar;C:\Users\±è¿¹Áö\.gradle\caches\modules-2\files-2.1\io.netty\netty-codec\4.1.124.Final\81e66a1586b6ae4f810f297d2b050c968a11658\netty-codec-4.1.124.Final.jar;C:\Users\±è¿¹Áö\.gradle\caches\modules-2\files-2.1\io.netty\netty-transport-classes-epoll\4.1.124.Final\c211ad4e253d8fbb195a868d849c2645544866e7\netty-transport-classes-epoll-4.1.124.Final.jar;C:\Users\±è¿¹Áö\.gradle\caches\modules-2\files-2.1\io.netty\netty-transport-native-unix-common\4.1.124.Final\6df613f0356d4de02574507754afb33874a7336\netty-transport-native-unix-common-4.1.124.Final.jar;C:\Users\±è¿¹Áö\.gradle\caches\modules-2\files-2.1\io.netty\netty-transport\4.1.124.Final\ce4f80c96f32d51659e142237c3ffbc678765e4e\netty-transport-4.1.124.Final.jar;C:\Users\±è¿¹Áö\.gradle\caches\modules-2\files-2.1\io.netty\netty-buffer\4.1.124.Final\1e9c299dc908e801b4e041bef1b81cfe0ca0038c\netty-buffer-4.1.124.Final.jar;C:\Users\±è¿¹Áö\.gradle\caches\modules-2\files-2.1\io.netty\netty-resolver\4.1.124.Final\85758b8fd2e75bce01423298592401bf649a5e31\netty-resolver-4.1.124.Final.jar;C:\Users\±è¿¹Áö\.gradle\caches\modules-2\files-2.1\io.netty\netty-common\4.1.124.Final\46f22130821ee796e347b90693f61d7fc4b2e8a6\netty-common-4.1.124.Final.jar;C:\Users\±è¿¹Áö\.gradle\caches\modules-2\files-2.1\org.jboss.logging\jboss-logging\3.6.1.Final\886afbb445b4016a37c8960a7aef6ebd769ce7e5\jboss-logging-3.6.1.Final.jar;C:\Users\±è¿¹Áö\.gradle\caches\modules-2\files-2.1\com.fasterxml\classmate\1.7.0\e98374da1f2143ac8e6e0a95036994bb19137a3\classmate-1.7.0.jar;C:\Users\±è¿¹Áö\.gradle\caches\modules-2\files-2.1\jakarta.activation\jakarta.activation-api\2.1.3\fa165bd70cda600368eee31555222776a46b881f\jakarta.activation-api-2.1.3.jar;C:\Users\±è¿¹Áö\.gradle\caches\modules-2\files-2.1\org.hibernate.common\hibernate-commons-annotations\7.0.3.Final\e183c4be8bb41d12e9f19b374e00c34a0a85f439\hibernate-commons-annotations-7.0.3.Final.jar;C:\Users\±è¿¹Áö\.gradle\caches\modules-2\files-2.1\io.smallrye\jandex\3.2.0\f17ad860f62a08487b9edabde608f8ac55c62fa7\jandex-3.2.0.jar;C:\Users\±è¿¹Áö\.gradle\caches\modules-2\files-2.1\net.bytebuddy\byte-buddy\1.17.7\3856bfab61beb23e099a0d6629f2ba8de4b98ace\byte-buddy-1.17.7.jar;C:\Users\±è¿¹Áö\.gradle\caches\modules-2\files-2.1\org.glassfish.jaxb\jaxb-runtime\4.0.5\ca84c2a7169b5293e232b9d00d1e4e36d4c3914a\jaxb-runtime-4.0.5.jar;C:\Users\±è¿¹Áö\.gradle\caches\modules-2\files-2.1\org.glassfish.jaxb\jaxb-core\4.0.5\7b4b11ea5542eea4ad55e1080b23be436795b3\jaxb-core-4.0.5.jar;C:\Users\±è¿¹Áö\.gradle\caches\modules-2\files-2.1\jakarta.inject\jakarta.inject-api\2.0.1\4c28afe1991a941d7702fe1362c365f0a8641d1e\jakarta.inject-api-2.0.1.jar;C:\Users\±è¿¹Áö\.gradle\caches\modules-2\files-2.1\org.eclipse.angus\angus-activation\2.0.2\41f1e0ddd157c856926ed149ab837d110955a9fc\angus-activation-2.0.2.jar;C:\Users\±è¿¹Áö\.gradle\caches\modules-2\files-2.1\org.glassfish.jaxb\txw2\4.0.5\f36a4ef12120a9bb06d766d6a0e54b144fd7ed98\txw2-4.0.5.jar;C:\Users\±è¿¹Áö\.gradle\caches\modules-2\files-2.1\com.sun.istack\istack-commons-runtime\4.1.2\18ec117c85f3ba0ac65409136afa8e42bc74e739\istack-commons-runtime-4.1.2.jar
Launcher Type: SUN_STANDARD

[Global flags]
     intx CICompilerCount                          = 12                                        {product} {ergonomic}
     uint ConcGCThreads                            = 3                                         {product} {ergonomic}
     uint G1ConcRefinementThreads                  = 13                                        {product} {ergonomic}
   size_t G1HeapRegionSize                         = 2097152                                   {product} {ergonomic}
    uintx GCDrainStackTargetSize                   = 64                                        {product} {ergonomic}
   size_t InitialHeapSize                          = 264241152                                 {product} {ergonomic}
     bool ManagementServer                         = true                                      {product} {command line}
   size_t MarkStackSize                            = 4194304                                   {product} {ergonomic}
   size_t MaxHeapSize                              = 4213178368                                {product} {ergonomic}
   size_t MaxNewSize                               = 2527068160                                {product} {ergonomic}
   size_t MinHeapDeltaBytes                        = 2097152                                   {product} {ergonomic}
   size_t MinHeapSize                              = 8388608                                   {product} {ergonomic}
    uintx NonNMethodCodeHeapSize                   = 4096                                   {pd product} {ergonomic}
    uintx NonProfiledCodeHeapSize                  = 0                                      {pd product} {ergonomic}
     bool ProfileInterpreter                       = false                                  {pd product} {command line}
    uintx ProfiledCodeHeapSize                     = 0                                      {pd product} {ergonomic}
     bool ShowCodeDetailsInExceptionMessages       = true                                   {manageable} {command line}
   size_t SoftMaxHeapSize                          = 4213178368                             {manageable} {ergonomic}
     intx TieredStopAtLevel                        = 1                                         {product} {command line}
     bool UseCompressedOops                        = true                           {product lp64_product} {ergonomic}
     bool UseG1GC                                  = true                                      {product} {ergonomic}
     bool UseLargePagesIndividualAllocation        = false                                  {pd product} {ergonomic}

Logging:
Log output configuration:
 #0: stdout all=warning uptime,level,tags foldmultilines=false
 #1: stderr all=off uptime,level,tags foldmultilines=false

Environment Variables:
JAVA_HOME=D:\java\jdk-17
PATH=C:\sts-4.32.0.RELEASE\plugins\org.eclipse.justj.openjdk.hotspot.jre.full.win32.x86_64_21.0.8.v20250724-1412\jre\bin;C:/sts-4.32.0.RELEASE//plugins/org.eclipse.justj.openjdk.hotspot.jre.full.win32.x86_64_21.0.8.v20250724-1412/jre/bin/server;C:/sts-4.32.0.RELEASE//plugins/org.eclipse.justj.openjdk.hotspot.jre.full.win32.x86_64_21.0.8.v20250724-1412/jre/bin;C:\WINDOWS\system32;C:\WINDOWS;C:\WINDOWS\System32\Wbem;C:\WINDOWS\System32\WindowsPowerShell\v1.0\;C:\WINDOWS\System32\OpenSSH\;C:\Program Files\Bandizip\;C:\Program Files\Git\cmd;C:\Program Files\nodejs\;D:\java\jdk-17\bin;C:\Users\±è¿¹Áö\AppData\Local\Microsoft\WindowsApps;;C:\Program Files\JetBrains\IntelliJ IDEA Community Edition 2023.3.2\bin;;C:\Users\±è¿¹Áö\AppData\Local\Programs\Microsoft VS Code\bin;C:\Users\±è¿¹Áö\AppData\Roaming\npm;C:\sts-4.32.0.RELEASE;
USERNAME=±è¿¹Áö
OS=Windows_NT
PROCESSOR_IDENTIFIER=Intel64 Family 6 Model 186 Stepping 2, GenuineIntel
TMP=C:\Users\±è¿¹Áö\AppData\Local\Temp
TEMP=C:\Users\±è¿¹Áö\AppData\Local\Temp




Periodic native trim disabled

---------------  S Y S T E M  ---------------

OS:
 Windows 11 , 64 bit Build 26100 (10.0.26100.5074)
OS uptime: 0 days 5:08 hours

CPU: total 16 (initial active 16) (8 cores per cpu, 2 threads per core) family 6 model 186 stepping 2 microcode 0x4114, cx8, cmov, fxsr, ht, mmx, 3dnowpref, sse, sse2, sse3, ssse3, sse4.1, sse4.2, popcnt, lzcnt, tsc, tscinvbit, avx, avx2, aes, erms, clmul, bmi1, bmi2, adx, sha, fma, vzeroupper, clflush, clflushopt, clwb, serialize, rdtscp, rdpid, fsrm, f16c, pku, cet_ibt, cet_ss
Processor Information for processor 0
  Max Mhz: 1900, Current Mhz: 1900, Mhz Limit: 1900
Processor Information for processor 1
  Max Mhz: 1900, Current Mhz: 1900, Mhz Limit: 1900
Processor Information for processor 2
  Max Mhz: 1900, Current Mhz: 1900, Mhz Limit: 1900
Processor Information for processor 3
  Max Mhz: 1900, Current Mhz: 1900, Mhz Limit: 1900
Processor Information for processor 4
  Max Mhz: 1900, Current Mhz: 1900, Mhz Limit: 1900
Processor Information for processor 5
  Max Mhz: 1900, Current Mhz: 1900, Mhz Limit: 1900
Processor Information for processor 6
  Max Mhz: 1900, Current Mhz: 1900, Mhz Limit: 1900
Processor Information for processor 7
  Max Mhz: 1900, Current Mhz: 1504, Mhz Limit: 1900
Processor Information for processor 8
  Max Mhz: 1900, Current Mhz: 1400, Mhz Limit: 1387
Processor Information for processor 9
  Max Mhz: 1900, Current Mhz: 1400, Mhz Limit: 1387
Processor Information for processor 10
  Max Mhz: 1900, Current Mhz: 1400, Mhz Limit: 1387
Processor Information for processor 11
  Max Mhz: 1900, Current Mhz: 1400, Mhz Limit: 1387
Processor Information for processor 12
  Max Mhz: 1900, Current Mhz: 1400, Mhz Limit: 1387
Processor Information for processor 13
  Max Mhz: 1900, Current Mhz: 1400, Mhz Limit: 1387
Processor Information for processor 14
  Max Mhz: 1900, Current Mhz: 1400, Mhz Limit: 1387
Processor Information for processor 15
  Max Mhz: 1900, Current Mhz: 1400, Mhz Limit: 1387

Memory: 4k page, system-wide physical 16066M (1905M free)
TotalPageFile size 35522M (AvailPageFile size 4838M)
current process WorkingSet (physical memory assigned to process): 334M, peak: 335M
current process commit charge ("private bytes"): 381M, peak: 398M

vm_info: OpenJDK 64-Bit Server VM (21.0.8+9-LTS) for windows-amd64 JRE (21.0.8+9-LTS), built on 2025-07-15T00:00:00Z by "admin" with MS VC++ 17.7 (VS2022)

END.
